Archive member included because of file (symbol)

.pioenvs\esp12e\libFrameworkArduino.a(HardwareSerial.o)
                              .pioenvs\esp12e\src\main.o (HardwareSerial::available())
.pioenvs\esp12e\libFrameworkArduino.a(Print.o)
                              .pioenvs\esp12e\libFrameworkArduino.a(HardwareSerial.o) (Print::write(unsigned char const*, unsigned int))
.pioenvs\esp12e\libFrameworkArduino.a(Stream.o)
                              .pioenvs\esp12e\libFrameworkArduino.a(HardwareSerial.o) (Stream::readBytes(char*, unsigned int))
.pioenvs\esp12e\libFrameworkArduino.a(WString.o)
                              .pioenvs\esp12e\libFrameworkArduino.a(Stream.o) (String::String(char const*))
.pioenvs\esp12e\libFrameworkArduino.a(abi.o)
                              .pioenvs\esp12e\libFrameworkArduino.a(Print.o) (operator new[](unsigned int))
.pioenvs\esp12e\libFrameworkArduino.a(core_esp8266_main.o)
                              .pioenvs\esp12e\libFrameworkArduino.a(Stream.o) (yield)
.pioenvs\esp12e\libFrameworkArduino.a(core_esp8266_noniso.o)
                              .pioenvs\esp12e\libFrameworkArduino.a(WString.o) (atol)
.pioenvs\esp12e\libFrameworkArduino.a(core_esp8266_postmortem.o)
                              .pioenvs\esp12e\libFrameworkArduino.a(abi.o) (__panic_func)
.pioenvs\esp12e\libFrameworkArduino.a(core_esp8266_wiring.o)
                              .pioenvs\esp12e\libFrameworkArduino.a(Stream.o) (millis)
.pioenvs\esp12e\libFrameworkArduino.a(core_esp8266_wiring_digital.o)
                              .pioenvs\esp12e\libFrameworkArduino.a(core_esp8266_wiring.o) (initPins)
.pioenvs\esp12e\libFrameworkArduino.a(libc_replacements.o)
                              .pioenvs\esp12e\libFrameworkArduino.a(core_esp8266_main.o) (printf)
.pioenvs\esp12e\libFrameworkArduino.a(pgmspace.o)
                              .pioenvs\esp12e\libFrameworkArduino.a(WString.o) (strnlen_P(char const*, unsigned int))
.pioenvs\esp12e\libFrameworkArduino.a(uart.o)
                              .pioenvs\esp12e\libFrameworkArduino.a(HardwareSerial.o) (uart_write_char)
.pioenvs\esp12e\libFrameworkArduino.a(umm_malloc.o)
                              .pioenvs\esp12e\libFrameworkArduino.a(abi.o) (malloc)
.pioenvs\esp12e\libFrameworkArduino.a(Schedule.o)
                              .pioenvs\esp12e\libFrameworkArduino.a(core_esp8266_main.o) (run_scheduled_functions())
.pioenvs\esp12e\libFrameworkArduino.a(cont.o)
                              .pioenvs\esp12e\libFrameworkArduino.a(core_esp8266_main.o) (cont_yield)
.pioenvs\esp12e\libFrameworkArduino.a(cont_util.o)
                              .pioenvs\esp12e\libFrameworkArduino.a(core_esp8266_main.o) (cont_init)
.pioenvs\esp12e\libFrameworkArduino.a(core_esp8266_timer.o)
                              .pioenvs\esp12e\libFrameworkArduino.a(core_esp8266_wiring.o) (timer1_isr_init)
C:\users\ikutsin\.platformio\packages\framework-arduinoespressif8266\tools\sdk\lib\libmain.a(eagle_lib.o)
                              .pioenvs\esp12e\libFrameworkArduino.a(libc_replacements.o) (ets_vsnprintf)
C:\users\ikutsin\.platformio\packages\framework-arduinoespressif8266\tools\sdk\lib\libmain.a(ets_timer.o)
                              .pioenvs\esp12e\libFrameworkArduino.a(core_esp8266_wiring.o) (ets_timer_setfn)
C:\users\ikutsin\.platformio\packages\framework-arduinoespressif8266\tools\sdk\lib\libmain.a(user_interface.o)
                              C:\users\ikutsin\.platformio\packages\framework-arduinoespressif8266\tools\sdk\lib\libmain.a(ets_timer.o) (timer2_ms_flag)
C:\users\ikutsin\.platformio\packages\framework-arduinoespressif8266\tools\sdk\lib\libmain.a(debug-vector.o)
                              (_DebugExceptionVector)
C:\users\ikutsin\.platformio\packages\framework-arduinoespressif8266\tools\sdk\lib\libmain.a(double-vector.o)
                              (_DoubleExceptionVector)
C:\users\ikutsin\.platformio\packages\framework-arduinoespressif8266\tools\sdk\lib\libmain.a(kernel-vector.o)
                              (_KernelExceptionVector)
C:\users\ikutsin\.platformio\packages\framework-arduinoespressif8266\tools\sdk\lib\libmain.a(nmi-vector.o)
                              (_NMIExceptionVector)
C:\users\ikutsin\.platformio\packages\framework-arduinoespressif8266\tools\sdk\lib\libmain.a(user-vector.o)
                              (_UserExceptionVector)
C:\users\ikutsin\.platformio\packages\framework-arduinoespressif8266\tools\sdk\lib\libmain.a(vector.o)
                              (call_user_start)
C:\users\ikutsin\.platformio\packages\framework-arduinoespressif8266\tools\sdk\lib\libmain.a(app_main.o)
                              C:\users\ikutsin\.platformio\packages\framework-arduinoespressif8266\tools\sdk\lib\libmain.a(user_interface.o) (info)
C:\users\ikutsin\.platformio\packages\framework-arduinoespressif8266\tools\sdk\lib\libmain.a(eagle_lwip_if.o)
[...]
Memory Configuration

Name             Origin             Length             Attributes
dport0_0_seg     0x3ff00000         0x00000010
dram0_0_seg      0x3ffe8000         0x00014000
iram1_0_seg      0x40100000         0x00008000
irom0_0_seg      0x40201010         0x000feff0
*default*        0x00000000         0xffffffff

Linker script and memory map

                0x40500000                PROVIDE (_SPIFFS_start, 0x40500000)
                0x405fb000                PROVIDE (_SPIFFS_end, 0x405fb000)
                0x00000100                PROVIDE (_SPIFFS_page, 0x100)
                0x00002000                PROVIDE (_SPIFFS_block, 0x2000)
                0x40000000                PROVIDE (_memmap_vecbase_reset, 0x40000000)
                0x00000110                _memmap_cacheattr_wb_base = 0x110
                0x00000110                _memmap_cacheattr_wt_base = 0x110
                0x00000220                _memmap_cacheattr_bp_base = 0x220
                0xfffff00f                _memmap_cacheattr_unused_mask = 0xfffff00f
                0x2222211f                _memmap_cacheattr_wb_trapnull = 0x2222211f
                0x2222211f                _memmap_cacheattr_wba_trapnull = 0x2222211f
                0x2222211f                _memmap_cacheattr_wbna_trapnull = 0x2222211f
                0x2222211f                _memmap_cacheattr_wt_trapnull = 0x2222211f
                0x2222222f                _memmap_cacheattr_bp_trapnull = 0x2222222f
                0xfffff11f                _memmap_cacheattr_wb_strict = 0xfffff11f
                0xfffff11f                _memmap_cacheattr_wt_strict = 0xfffff11f
                0xfffff22f                _memmap_cacheattr_bp_strict = 0xfffff22f
                0x22222112                _memmap_cacheattr_wb_allvalid = 0x22222112
                0x22222112                _memmap_cacheattr_wt_allvalid = 0x22222112
                0x22222222                _memmap_cacheattr_bp_allvalid = 0x22222222
                0x2222211f                PROVIDE (_memmap_cacheattr_reset, _memmap_cacheattr_wb_trapnull)

.dport0.rodata  0x3ff00000        0x0
                0x3ff00000                _dport0_rodata_start = ABSOLUTE (.)
 *(.dport0.rodata)
 *(.dport.rodata)
                0x3ff00000                _dport0_rodata_end = ABSOLUTE (.)

.dport0.literal
                0x3ff00000        0x0
                0x3ff00000                _dport0_literal_start = ABSOLUTE (.)
 *(.dport0.literal)
 *(.dport.literal)
                0x3ff00000                _dport0_literal_end = ABSOLUTE (.)

.dport0.data    0x3ff00000        0x0
                0x3ff00000                _dport0_data_start = ABSOLUTE (.)
 *(.dport0.data)
 *(.dport.data)
                0x3ff00000                _dport0_data_end = ABSOLUTE (.)

.data           0x3ffe8000      0x378
                0x3ffe8000                _data_start = ABSOLUTE (.)
 *(.data)
 .data          0x3ffe8000        0x6 C:\users\ikutsin\.platformio\packages\framework-arduinoespressif8266\tools\sdk\lib\libmain.a(user_interface.o)
                0x3ffe8001                timer2_ms_flag
                0x3ffe8002                dhcps_flag
                0x3ffe8003                dhcpc_flag
                0x3ffe8005                reconnect_internal
 .data          0x3ffe8006        0x4 C:\users\ikutsin\.platformio\packages\framework-arduinoespressif8266\tools\sdk\lib\libmain.a(nmi-vector.o)
 *fill*         0x3ffe800a        0x2 
 .data          0x3ffe800c        0x1 C:\users\ikutsin\.platformio\packages\framework-arduinoespressif8266\tools\sdk\lib\libmain.a(app_main.o)
 *fill*         0x3ffe800d        0x3 
 .data          0x3ffe8010        0x1 C:\users\ikutsin\.platformio\packages\framework-arduinoespressif8266\tools\sdk\lib\libmain.a(eagle_lwip_if.o)
                0x3ffe8010                default_hostname
 *fill*         0x3ffe8011        0x3 
 .data          0x3ffe8014        0x1 C:\users\ikutsin\.platformio\packages\framework-arduinoespressif8266\tools\sdk\lib\libnet80211.a(ieee80211_hostap.o)
                0x3ffe8014                TmpSTAAPCloseAP
 *fill*         0x3ffe8015        0x3 
 .data          0x3ffe8018        0x1 C:\users\ikutsin\.platformio\packages\framework-arduinoespressif8266\tools\sdk\lib\libnet80211.a(wl_cnx.o)
 *fill*         0x3ffe8019        0x7 
 .data          0x3ffe8020       0x1c C:\users\ikutsin\.platformio\packages\framework-arduinoespressif8266\tools\sdk\lib\libnet80211.a(ieee80211_action.o)
 *fill*         0x3ffe803c        0x4 
 .data          0x3ffe8040       0x53 C:\users\ikutsin\.platformio\packages\framework-arduinoespressif8266\tools\sdk\lib\libphy.a(phy_chip_v6.o)
                0x3ffe8042                tx_rf_ana_gain
                0x3ffe8070                rx_gain_swp
                0x3ffe8090                test_rffreq_txcap
 *fill*         0x3ffe8093        0x1 
 .data          0x3ffe8094        0x1 C:\users\ikutsin\.platformio\packages\framework-arduinoespressif8266\tools\sdk\lib\libphy.a(phy_chip_v6_cal.o)
                0x3ffe8094                rfcal_bb_atten_init
 *fill*         0x3ffe8095        0x3 
 .data          0x3ffe8098        0x4 C:\users\ikutsin\.platformio\packages\framework-arduinoespressif8266\tools\sdk\lib\libphy.a(phy_sleep.o)
                0x3ffe8098                chip_version
 .data          0x3ffe809c        0x1 C:\users\ikutsin\.platformio\packages\framework-arduinoespressif8266\tools\sdk\lib\libpp.a(pm.o)
 *fill*         0x3ffe809d        0x3 
 .data          0x3ffe80a0        0x1 C:\users\ikutsin\.platformio\packages\framework-arduinoespressif8266\tools\sdk\lib\libpp.a(pm_for_bcn_only_mode.o)
 *fill*         0x3ffe80a1        0x3 
 .data          0x3ffe80a4       0x1c C:\users\ikutsin\.platformio\packages\framework-arduinoespressif8266\tools\sdk\lib\libpp.a(pp.o)
                0x3ffe80a4                soft_wdt_interval
                0x3ffe80a8                NoiseTimerInterval
                0x3ffe80b0                sleep_start_wait_time
                0x3ffe80b8                CanDoFreqCal
                0x3ffe80bc                tcb
 .data          0x3ffe80c0       0x40 C:\users\ikutsin\.platformio\packages\framework-arduinoespressif8266\tools\sdk\lib\libpp.a(rate_control.o)
 .data          0x3ffe8100      0x24c C:\users\ikutsin\.platformio\packages\framework-arduinoespressif8266\tools\sdk\lib\libpp.a(trc.o)
 .data          0x3ffe834c        0x8 C:\users\ikutsin\.platformio\packages\framework-arduinoespressif8266\tools\sdk\lib\libpp.a(wdev.o)
 *(.data.*)
 .data.esp8266_gpioToFn
                0x3ffe8354       0x10 .pioenvs\esp12e\libFrameworkArduino.a(core_esp8266_wiring_digital.o)
                0x3ffe8354                esp8266_gpioToFn
 .data.dhcps_lease_time
                0x3ffe8364        0x4 C:\users\ikutsin\.platformio\packages\framework-arduinoespressif8266\tools\sdk\lib\liblwip_gcc.a(dhcpserver.o)
                0x3ffe8364                dhcps_lease_time
 .data.offer    0x3ffe8368        0x1 C:\users\ikutsin\.platformio\packages\framework-arduinoespressif8266\tools\sdk\lib\liblwip_gcc.a(dhcpserver.o)
 *fill*         0x3ffe8369        0x3 
 .data.xid$2648
                0x3ffe836c        0x4 C:\users\ikutsin\.platformio\packages\framework-arduinoespressif8266\tools\sdk\lib\liblwip_gcc.a(dhcp.o)
 .data.iss$2741
                0x3ffe8370        0x4 C:\users\ikutsin\.platformio\packages\framework-arduinoespressif8266\tools\sdk\lib\liblwip_gcc.a(tcp.o)
 .data.port$2594
                0x3ffe8374        0x2 C:\users\ikutsin\.platformio\packages\framework-arduinoespressif8266\tools\sdk\lib\liblwip_gcc.a(tcp.o)
 *(.gnu.linkonce.d.*)
 *(.data1)
 *(.sdata)
 *(.sdata.*)
 *(.gnu.linkonce.s.*)
 *(.sdata2)
 *(.sdata2.*)
 *(.gnu.linkonce.s2.*)
 *(.jcr)
                0x3ffe8378                . = ALIGN (0x4)
 *fill*         0x3ffe8376        0x2 
                0x3ffe8378                _Pri_3_HandlerAddress = ABSOLUTE (.)
                0x3ffe8378                _data_end = ABSOLUTE (.)

.rodata         0x3ffe8380      0x554
                0x3ffe8380                _rodata_start = ABSOLUTE (.)
 *(.sdk.version)
 .sdk.version   0x3ffe8380       0x10 C:\users\ikutsin\.platformio\packages\framework-arduinoespressif8266\tools\sdk\lib\libmain.a(app_main.o)
                0x3ffe8380                SDK_VERSION
 *(.rodata)
 .rodata        0x3ffe8390       0x44 C:\users\ikutsin\.platformio\packages\framework-arduinoespressif8266\tools\sdk\lib\liblwip_gcc.a(espconn_tcp.o)
 .rodata        0x3ffe83d4       0x14 C:\users\ikutsin\.platformio\packages\framework-arduinoespressif8266\tools\sdk\lib\liblwip_gcc.a(pbuf.o)
 .rodata        0x3ffe83e8       0x20 C:\users\ikutsin\.platformio\packages\framework-arduinoespressif8266\tools\sdk\lib\liblwip_gcc.a(tcp_in.o)
 .rodata        0x3ffe8408        0x8 C:\users\ikutsin\.platformio\packages\framework-arduinoespressif8266\tools\sdk\lib\libnet80211.a(ieee80211_hostap.o)
 .rodata        0x3ffe8410        0x9 C:\users\ikutsin\.platformio\packages\framework-arduinoespressif8266\tools\sdk\lib\libnet80211.a(ieee80211_output.o)
 *fill*         0x3ffe8419        0x3 
 .rodata        0x3ffe841c        0x8 C:\users\ikutsin\.platformio\packages\framework-arduinoespressif8266\tools\sdk\lib\libphy.a(phy_chip_v6.o)
 .rodata        0x3ffe8424        0x4 C:\users\ikutsin\.platformio\packages\framework-arduinoespressif8266\tools\sdk\lib\libpp.a(pp.o)
 *(.rodata.*)
 .rodata.str1.4
                0x3ffe8428       0x10 .pioenvs\esp12e\src\main.o
 .rodata._ZTV14HardwareSerial
                0x3ffe8438       0x30 .pioenvs\esp12e\libFrameworkArduino.a(HardwareSerial.o)
                0x3ffe8438                vtable for HardwareSerial
 .rodata.str1.4
                0x3ffe8468       0x10 .pioenvs\esp12e\libFrameworkArduino.a(Print.o)
                                 0x12 (size before relaxing)
 .rodata.str1.4
                0x3ffe8478       0x5b .pioenvs\esp12e\libFrameworkArduino.a(abi.o)
 *fill*         0x3ffe84d3        0x1 
 .rodata._ZZSt25__throw_bad_function_callvE8__func__
                0x3ffe84d4       0x1a .pioenvs\esp12e\libFrameworkArduino.a(abi.o)
 *fill*         0x3ffe84ee        0x2 
 .rodata.str1.4
                0x3ffe84f0       0x7a .pioenvs\esp12e\libFrameworkArduino.a(core_esp8266_main.o)
 *fill*         0x3ffe856a        0x2 
 .rodata._ZZL9loop_taskP11ETSEventTagE8__func__
                0x3ffe856c        0xa .pioenvs\esp12e\libFrameworkArduino.a(core_esp8266_main.o)
 *fill*         0x3ffe8576        0x2 
 .rodata._ZZ7__yieldE8__func__
                0x3ffe8578        0x8 .pioenvs\esp12e\libFrameworkArduino.a(core_esp8266_main.o)
 .rodata.str1.4
                0x3ffe8580      0x109 .pioenvs\esp12e\libFrameworkArduino.a(core_esp8266_postmortem.o)
 *fill*         0x3ffe8689        0x3 
 .rodata.str1.4
                0x3ffe868c        0x3 .pioenvs\esp12e\libFrameworkArduino.a(libc_replacements.o)
 *fill*         0x3ffe868f        0x1 
 .rodata.str1.4
                0x3ffe8690      0x123 .pioenvs\esp12e\libFrameworkArduino.a(umm_malloc.o)
 *fill*         0x3ffe87b3        0x1 
 .rodata.str1.4
                0x3ffe87b4        0xc C:\users\ikutsin\.platformio\packages\framework-arduinoespressif8266\tools\sdk\lib\libmain.a(ets_timer.o)
 .rodata.str1.4
                0x3ffe87c0        0x4 C:\users\ikutsin\.platformio\packages\framework-arduinoespressif8266\tools\sdk\lib\libmain.a(app_main.o)
                                  0xc (size before relaxing)
 .rodata.str1.1
                0x3ffe87c4       0x25 C:\users\ikutsin\.platformio\packages\framework-arduinoespressif8266\tools\sdk\lib\liblwip_gcc.a(dhcpserver.o)
                                 0x26 (size before relaxing)
 .rodata.str1.1
                0x3ffe87e9       0x61 C:\users\ikutsin\.platformio\packages\framework-arduinoespressif8266\tools\sdk\lib\liblwip_gcc.a(espconn_tcp.o)
                                 0x62 (size before relaxing)
 .rodata.str1.1
                0x3ffe884a        0xe C:\users\ikutsin\.platformio\packages\framework-arduinoespressif8266\tools\sdk\lib\liblwip_gcc.a(dhcp.o)
                                  0xf (size before relaxing)
 .rodata.str1.1
                0x00000000        0x1 C:\users\ikutsin\.platformio\packages\framework-arduinoespressif8266\tools\sdk\lib\liblwip_gcc.a(dns.o)
 .rodata.str1.1
                0x00000000        0x1 C:\users\ikutsin\.platformio\packages\framework-arduinoespressif8266\tools\sdk\lib\liblwip_gcc.a(pbuf.o)
 .rodata.str1.1
                0x00000000        0x1 C:\users\ikutsin\.platformio\packages\framework-arduinoespressif8266\tools\sdk\lib\liblwip_gcc.a(tcp.o)
 .rodata.tcp_close_shutdown
                0x3ffe8858       0x20 C:\users\ikutsin\.platformio\packages\framework-arduinoespressif8266\tools\sdk\lib\liblwip_gcc.a(tcp.o)
 .rodata.str1.1
                0x00000000        0x1 C:\users\ikutsin\.platformio\packages\framework-arduinoespressif8266\tools\sdk\lib\liblwip_gcc.a(tcp_out.o)
 .rodata.str1.1
                0x00000000        0x1 C:\users\ikutsin\.platformio\packages\framework-arduinoespressif8266\tools\sdk\lib\liblwip_gcc.a(timers.o)
 .rodata.str1.1
                0x00000000        0x1 C:\users\ikutsin\.platformio\packages\framework-arduinoespressif8266\tools\sdk\lib\liblwip_gcc.a(udp.o)
 .rodata.str1.1
                0x00000000        0x1 C:\users\ikutsin\.platformio\packages\framework-arduinoespressif8266\tools\sdk\lib\liblwip_gcc.a(etharp.o)
 .rodata.ethzero
                0x3ffe8878        0x6 C:\users\ikutsin\.platformio\packages\framework-arduinoespressif8266\tools\sdk\lib\liblwip_gcc.a(etharp.o)
                0x3ffe8878                ethzero
 .rodata.ethbroadcast
                0x3ffe887e        0x6 C:\users\ikutsin\.platformio\packages\framework-arduinoespressif8266\tools\sdk\lib\liblwip_gcc.a(etharp.o)
                0x3ffe887e                ethbroadcast
 .rodata.str1.1
                0x00000000        0x1 C:\users\ikutsin\.platformio\packages\framework-arduinoespressif8266\tools\sdk\lib\liblwip_gcc.a(igmp.o)
 .rodata.str1.1
                0x3ffe8884       0x11 C:\users\ikutsin\.platformio\packages\framework-arduinoespressif8266\tools\sdk\lib\liblwip_gcc.a(ip.o)
 .rodata.str1.1
                0x00000000        0x1 C:\users\ikutsin\.platformio\packages\framework-arduinoespressif8266\tools\sdk\lib\liblwip_gcc.a(espconn.o)
 .rodata.str1.1
                0x00000000        0x1 C:\users\ikutsin\.platformio\packages\framework-arduinoespressif8266\tools\sdk\lib\liblwip_gcc.a(espconn_udp.o)
 .rodata.str1.1
                0x00000000        0x1 C:\users\ikutsin\.platformio\packages\framework-arduinoespressif8266\tools\sdk\lib\liblwip_gcc.a(raw.o)
 .rodata.str1.1
                0x00000000        0x1 C:\users\ikutsin\.platformio\packages\framework-arduinoespressif8266\tools\sdk\lib\liblwip_gcc.a(tcp_in.o)
 *fill*         0x3ffe8895        0x3 
 .rodata.str1.4
                0x3ffe8898        0x8 C:\users\ikutsin\.platformio\packages\framework-arduinoespressif8266\tools\sdk\lib\libnet80211.a(ieee80211_hostap.o)
 .rodata.str1.4
                0x3ffe88a0        0x7 C:\users\ikutsin\.platformio\packages\framework-arduinoespressif8266\tools\sdk\lib\libnet80211.a(ieee80211_mesh_quick.o)
 .rodata.str1.4
                0x00000000        0x4 C:\users\ikutsin\.platformio\packages\framework-arduinoespressif8266\tools\sdk\lib\libnet80211.a(ieee80211_sta.o)
 .rodata.str1.4
                0x00000000        0x4 C:\users\ikutsin\.platformio\packages\framework-arduinoespressif8266\tools\sdk\lib\libnet80211.a(ieee80211_action_vendor.o)
 .rodata.str1.4
                0x00000000        0x4 C:\users\ikutsin\.platformio\packages\framework-arduinoespressif8266\tools\sdk\lib\libnet80211.a(ieee80211_ie_vendor.o)
 *fill*         0x3ffe88a7        0x1 
 .rodata.str1.4
                0x3ffe88a8        0x4 C:\users\ikutsin\.platformio\packages\framework-arduinoespressif8266\tools\sdk\lib\libpp.a(lmac.o)
                                  0xc (size before relaxing)
 .rodata.str1.4
                0x3ffe88ac        0x4 C:\users\ikutsin\.platformio\packages\framework-arduinoespressif8266\tools\sdk\lib\libpp.a(pm_for_bcn_only_mode.o)
                                  0xc (size before relaxing)
 .rodata.str1.4
                0x00000000        0x4 C:\users\ikutsin\.platformio\packages\framework-arduinoespressif8266\tools\sdk\lib\libpp.a(pp.o)
                                 0x10 (size before relaxing)
 .rodata.str1.4
                0x3ffe88b0        0x4 C:\users\ikutsin\.platformio\packages\framework-arduinoespressif8266\tools\sdk\lib\libpp.a(wdev.o)
                                  0xc (size before relaxing)
 .rodata.str1.4
                0x3ffe88b4       0x10 C:\users\ikutsin\.platformio\packages\framework-arduinoespressif8266\tools\sdk\lib\libwpa.a(wpa_debug.o)
                                  0xd (size before relaxing)
 *(.gnu.linkonce.r.*)
 *(.rodata1)
                0x3ffe88c4                __XT_EXCEPTION_TABLE__ = ABSOLUTE (.)
 *(.xt_except_table)
 *(.gcc_except_table)
 *(.gnu.linkonce.e.*)
 *(.gnu.version_r)
 *(.eh_frame)
                0x3ffe88c4                . = ((. + 0x3) & 0xfffffffc)
                0x3ffe88c4                __init_array_start = ABSOLUTE (.)
 *crtbegin.o(.ctors)
 *(EXCLUDE_FILE(*crtend.o) .ctors)
 .ctors         0x3ffe88c4        0x4 .pioenvs\esp12e\libFrameworkArduino.a(HardwareSerial.o)
 *(SORT(.ctors.*))
 *(.ctors)
                0x3ffe88c8                __init_array_end = ABSOLUTE (.)
 *crtbegin.o(.dtors)
 *(EXCLUDE_FILE(*crtend.o) .dtors)
 .dtors         0x3ffe88c8        0x4 .pioenvs\esp12e\libFrameworkArduino.a(HardwareSerial.o)
 *(SORT(.dtors.*))
 *(.dtors)
                0x3ffe88cc                __XT_EXCEPTION_DESCS__ = ABSOLUTE (.)
 *(.xt_except_desc)
 *(.gnu.linkonce.h.*)
                0x3ffe88cc                __XT_EXCEPTION_DESCS_END__ = ABSOLUTE (.)
 *(.xt_except_desc_end)
 *(.dynamic)
 *(.gnu.version_d)
                0x3ffe88cc                . = ALIGN (0x4)
                0x3ffe88cc                _bss_table_start = ABSOLUTE (.)
                0x3ffe88cc        0x4 LONG 0x3ffe88d8 _bss_start
                0x3ffe88d0        0x4 LONG 0x3ffefbf0 _bss_end
                0x3ffe88d4                _bss_table_end = ABSOLUTE (.)
                0x3ffe88d4                _rodata_end = ABSOLUTE (.)

.bss            0x3ffe88d8     0x7318
                0x3ffe88d8                . = ALIGN (0x8)
                0x3ffe88d8                _bss_start = ABSOLUTE (.)
 *(.dynsbss)
 *(.sbss)
 *(.sbss.*)
 *(.gnu.linkonce.sb.*)
 *(.scommon)
 *(.sbss2)
 *(.sbss2.*)
 *(.gnu.linkonce.sb2.*)
 *(.dynbss)
 *(.bss)
 *fill*         0x3ffe88d8        0x8 
 .bss           0x3ffe88e0       0x30 C:\users\ikutsin\.platformio\packages\framework-arduinoespressif8266\tools\sdk\lib\libmain.a(ets_timer.o)
                0x3ffe88e0                dbg_timer_flag
                0x3ffe88e4                timer_list
                0x3ffe88e8                debug_timer
                0x3ffe88ec                debug_timerfn
 .bss           0x3ffe8910      0x242 C:\users\ikutsin\.platformio\packages\framework-arduinoespressif8266\tools\sdk\lib\libmain.a(user_interface.o)
                0x3ffe8a07                deep_sleep_flag
                0x3ffe8a08                cpu_overclock
                0x3ffe8a0c                event_cb
                0x3ffe8a10                status_led_output_level
                0x3ffe8a14                done_cb
                0x3ffe8a18                rst_if
                0x3ffe8a34                default_interface
                0x3ffe8a35                OpmodChgIsOnGoing
                0x3ffe8a38                promiscuous_cb
                0x3ffe8a50                event_TaskQueue
 *fill*         0x3ffe8b52        0xe 
 .bss           0x3ffe8b60      0x1c0 C:\users\ikutsin\.platformio\packages\framework-arduinoespressif8266\tools\sdk\lib\libmain.a(nmi-vector.o)
 .bss           0x3ffe8d20       0x41 C:\users\ikutsin\.platformio\packages\framework-arduinoespressif8266\tools\sdk\lib\libmain.a(app_main.o)
                0x3ffe8d24                info
                0x3ffe8d48                lwip_timer_interval
                0x3ffe8d4c                check_timeouts_timer
                0x3ffe8d60                user_init_flag
 *fill*         0x3ffe8d61        0x3 
 .bss           0x3ffe8d64        0xc C:\users\ikutsin\.platformio\packages\framework-arduinoespressif8266\tools\sdk\lib\libmain.a(eagle_lwip_if.o)
                0x3ffe8d64                hostname
 .bss           0x3ffe8d70        0x4 C:\users\ikutsin\.platformio\packages\framework-arduinoespressif8266\tools\sdk\lib\libmain.a(spi_flash.o)
                0x3ffe8d70                flash_read
 .bss           0x3ffe8d74      0x67c C:\users\ikutsin\.platformio\packages\framework-arduinoespressif8266\tools\sdk\lib\libnet80211.a(ieee80211.o)
                0x3ffe8d74                g_ic
 .bss           0x3ffe93f0       0x56 C:\users\ikutsin\.platformio\packages\framework-arduinoespressif8266\tools\sdk\lib\libnet80211.a(ieee80211_hostap.o)
                0x3ffe93f0                BcnEb_update
                0x3ffe93fd                BcnWithMcastSendStart
                0x3ffe93fe                BcnWithMcastSendCnt
                0x3ffe9418                PendFreeBcnEb
                0x3ffe941c                ApFreqCalTimer
                0x3ffe9430                APRecvBcnStartTick
 *fill*         0x3ffe9446        0x2 
 .bss           0x3ffe9448       0xc8 C:\users\ikutsin\.platformio\packages\framework-arduinoespressif8266\tools\sdk\lib\libnet80211.a(ieee80211_scan.o)
                0x3ffe9448                gScanStruct
                0x3ffe94f4                connect_scan_flag
                0x3ffe94f5                FreqCalCntForScan
                0x3ffe94f6                TestStaFreqCalValInput
                0x3ffe94f8                auth_type
                0x3ffe94fa                scannum
 .bss           0x3ffe9510       0x10 C:\users\ikutsin\.platformio\packages\framework-arduinoespressif8266\tools\sdk\lib\libnet80211.a(ieee80211_sta.o)
 .bss           0x3ffe9520       0x3c C:\users\ikutsin\.platformio\packages\framework-arduinoespressif8266\tools\sdk\lib\libnet80211.a(wl_chm.o)
 *fill*         0x3ffe955c        0x4 
 .bss           0x3ffe9560      0x37a C:\users\ikutsin\.platformio\packages\framework-arduinoespressif8266\tools\sdk\lib\libnet80211.a(wl_cnx.o)
                0x3ffe98c0                sta_con_timer
                0x3ffe98d4                g_cnx_probe_rc_list_cb
                0x3ffe98d8                reconnect_flag
                0x3ffe98d9                no_ap_found_index
 *fill*         0x3ffe98da        0x2 
 .bss           0x3ffe98dc       0x10 C:\users\ikutsin\.platformio\packages\framework-arduinoespressif8266\tools\sdk\lib\libnet80211.a(ieee80211_action_vendor.o)
 .bss           0x3ffe98ec        0x4 C:\users\ikutsin\.platformio\packages\framework-arduinoespressif8266\tools\sdk\lib\libphy.a(phy.o)
 .bss           0x3ffe98f0        0x2 C:\users\ikutsin\.platformio\packages\framework-arduinoespressif8266\tools\sdk\lib\libphy.a(phy_chip_v6_ana.o)
                0x3ffe98f0                tout_dis_txpwr_track
                0x3ffe98f1                sleep_mode_flag
 *fill*         0x3ffe98f2        0x6 
 .bss           0x3ffe98f8      0x15b C:\users\ikutsin\.platformio\packages\framework-arduinoespressif8266\tools\sdk\lib\libphy.a(phy_chip_v6.o)
                0x3ffe98f8                g_phyFuns
                0x3ffe98fc                rxiq_compute_num
                0x3ffe9900                rx_table_renew_en
                0x3ffe9904                check_result
                0x3ffe9908                chip6_sleep_params
                0x3ffe999c                chip6_phy_init_ctrl
                0x3ffe9a10                phy_freq_offset
                0x3ffe9a12                do_pwctrl_flag
                0x3ffe9a13                txbk_dpdby_flag
                0x3ffe9a15                sw_scan_mode
                0x3ffe9a16                rxmax_ext_level
                0x3ffe9a18                phy_rx_gain_dc_table
                0x3ffe9a2c                periodic_cal_dc_num
                0x3ffe9a30                periodic_cal_flag
                0x3ffe9a31                bbpll_cal_flag
                0x3ffe9a32                phy_in_most_power
                0x3ffe9a33                init_rf_no_cal
                0x3ffe9a34                test_print_time
                0x3ffe9a38                phy_rx_gain_dc_flag
                0x3ffe9a39                phy_in_vdd33_offset
                0x3ffe9a3a                phy_set_most_tpw_disbg
                0x3ffe9a3b                phy_set_most_tpw_index
                0x3ffe9a3c                adc_rand_noise
                0x3ffe9a40                dpd_bypass_original
                0x3ffe9a42                phy_txpwr_diff_flash
                0x3ffe9a48                noise_array
 *fill*         0x3ffe9a53        0x1 
 .bss           0x3ffe9a54        0x9 C:\users\ikutsin\.platformio\packages\framework-arduinoespressif8266\tools\sdk\lib\libphy.a(phy_chip_v6_cal.o)
                0x3ffe9a54                phy_tx_power_out
                0x3ffe9a56                phy_tx_pwr_error
                0x3ffe9a58                tx_pwctrl_track_num
                0x3ffe9a59                rxiq_cover_fail_num
                0x3ffe9a5a                phy_meas_freq_offset
                0x3ffe9a5c                tx_pwctrl_pk_num
 *fill*         0x3ffe9a5d        0x3 
 .bss           0x3ffe9a60        0x7 C:\users\ikutsin\.platformio\packages\framework-arduinoespressif8266\tools\sdk\lib\libphy.a(phy_sleep.o)
                0x3ffe9a60                periodic_cal_sat
                0x3ffe9a62                lslp_mem_opt_8266
                0x3ffe9a64                software_slp_reject
                0x3ffe9a65                SDIO_slp_reject
                0x3ffe9a66                hardware_reject
 *fill*         0x3ffe9a67        0x9 
 .bss           0x3ffe9a70      0xaa4 C:\users\ikutsin\.platformio\packages\framework-arduinoespressif8266\tools\sdk\lib\libpp.a(esf_buf.o)
 *fill*         0x3ffea514        0xc 
 .bss           0x3ffea520       0x40 C:\users\ikutsin\.platformio\packages\framework-arduinoespressif8266\tools\sdk\lib\libpp.a(if_hwctrl.o)
                0x3ffea520                interface_mask
                0x3ffea540                if_ctrl
 .bss           0x3ffea560      0x150 C:\users\ikutsin\.platformio\packages\framework-arduinoespressif8266\tools\sdk\lib\libpp.a(lmac.o)
                0x3ffea564                lmacConfMib
                0x3ffea588                our_tx_eb
 .bss           0x3ffea6b0      0x11a C:\users\ikutsin\.platformio\packages\framework-arduinoespressif8266\tools\sdk\lib\libpp.a(pm.o)
                0x3ffea6b0                pmc
                0x3ffea790                flash_tmp
 *fill*         0x3ffea7ca        0x2 
 .bss           0x3ffea7cc       0x34 C:\users\ikutsin\.platformio\packages\framework-arduinoespressif8266\tools\sdk\lib\libpp.a(pm_for_bcn_only_mode.o)
 .bss           0x3ffea800      0x322 C:\users\ikutsin\.platformio\packages\framework-arduinoespressif8266\tools\sdk\lib\libpp.a(pp.o)
                0x3ffea818                pend_flag_noise_check
                0x3ffea820                pend_flag_periodic_cal
                0x3ffea838                idle_timer_reopen_flag
                0x3ffea83a                dbg_stop_sw_wdt
                0x3ffea83b                dbg_stop_hw_wdt
                0x3ffea83d                total_buffed_eb_num
                0x3ffea840                HighestFreqOffsetInOneChk
                0x3ffea842                LowestFreqOffsetInOneChk
                0x3ffea844                DefFreqCalTimer
                0x3ffea858                PktNumInOneChk
                0x3ffea9e0                buffed_eb_arr
 *fill*         0x3ffeab22        0xe 
 .bss           0x3ffeab30      0x100 C:\users\ikutsin\.platformio\packages\framework-arduinoespressif8266\tools\sdk\lib\libpp.a(rate_control.o)
 .bss           0x3ffeac30      0x46c C:\users\ikutsin\.platformio\packages\framework-arduinoespressif8266\tools\sdk\lib\libpp.a(trc.o)
 *fill*         0x3ffeb09c        0x4 
 .bss           0x3ffeb0a0     0x2f88 C:\users\ikutsin\.platformio\packages\framework-arduinoespressif8266\tools\sdk\lib\libpp.a(wdev.o)
                0x3ffeb0a0                wDevCtrl
                0x3ffeb248                WdevTimOffSet
 *fill*         0x3ffee028        0x8 
 .bss           0x3ffee030      0x26a C:\users\ikutsin\.platformio\packages\framework-arduinoespressif8266\tools\sdk\lib\libwpa.a(wpa.o)
 *fill*         0x3ffee29a        0x6 
 .bss           0x3ffee2a0        0x8 C:\users\ikutsin\.platformio\packages\framework-arduinoespressif8266\tools\sdk\lib\libnet80211.a(ieee80211_crypto_tkip.o)
 *(.bss.*)
 .bss.Serial1   0x3ffee2a8       0x1c .pioenvs\esp12e\libFrameworkArduino.a(HardwareSerial.o)
                0x3ffee2a8                Serial1
 .bss.Serial    0x3ffee2c4       0x1c .pioenvs\esp12e\libFrameworkArduino.a(HardwareSerial.o)
                0x3ffee2c4                Serial
 .bss._ZZL12loop_wrappervE10setup_done
                0x3ffee2e0        0x1 .pioenvs\esp12e\libFrameworkArduino.a(core_esp8266_main.o)
 *fill*         0x3ffee2e1        0x3 
 .bss._ZL22g_micros_at_task_start
                0x3ffee2e4        0x4 .pioenvs\esp12e\libFrameworkArduino.a(core_esp8266_main.o)
 .bss._ZL12g_loop_queue
                0x3ffee2e8        0x8 .pioenvs\esp12e\libFrameworkArduino.a(core_esp8266_main.o)
 .bss.g_cont    0x3ffee2f0     0x1028 .pioenvs\esp12e\libFrameworkArduino.a(core_esp8266_main.o)
                0x3ffee2f0                g_cont
 .bss.resetInfo
                0x3ffef318       0x1c .pioenvs\esp12e\libFrameworkArduino.a(core_esp8266_main.o)
                0x3ffef318                resetInfo
 .bss.s_abort_called
                0x3ffef334        0x1 .pioenvs\esp12e\libFrameworkArduino.a(core_esp8266_postmortem.o)
 *fill*         0x3ffef335        0x3 
 .bss.s_panic_func
                0x3ffef338        0x4 .pioenvs\esp12e\libFrameworkArduino.a(core_esp8266_postmortem.o)
 .bss.s_panic_line
                0x3ffef33c        0x4 .pioenvs\esp12e\libFrameworkArduino.a(core_esp8266_postmortem.o)
 .bss.s_panic_file
                0x3ffef340        0x4 .pioenvs\esp12e\libFrameworkArduino.a(core_esp8266_postmortem.o)
 .bss.micros_overflow_count
                0x3ffef344        0x4 .pioenvs\esp12e\libFrameworkArduino.a(core_esp8266_wiring.o)
 .bss.micros_at_last_overflow_tick
                0x3ffef348        0x4 .pioenvs\esp12e\libFrameworkArduino.a(core_esp8266_wiring.o)
 .bss.micros_overflow_timer
                0x3ffef34c       0x14 .pioenvs\esp12e\libFrameworkArduino.a(core_esp8266_wiring.o)
 .bss.delay_timer
                0x3ffef360       0x14 .pioenvs\esp12e\libFrameworkArduino.a(core_esp8266_wiring.o)
 .bss.interrupt_reg
                0x3ffef374        0x4 .pioenvs\esp12e\libFrameworkArduino.a(core_esp8266_wiring_digital.o)
 .bss.interrupt_handlers
                0x3ffef378       0x80 .pioenvs\esp12e\libFrameworkArduino.a(core_esp8266_wiring_digital.o)
 .bss.s_uart_debug_nr
                0x3ffef3f8        0x4 .pioenvs\esp12e\libFrameworkArduino.a(uart.o)
 .bss.umm_numblocks
                0x3ffef3fc        0x2 .pioenvs\esp12e\libFrameworkArduino.a(umm_malloc.o)
                0x3ffef3fc                umm_numblocks
 *fill*         0x3ffef3fe        0x2 
 .bss.umm_heap  0x3ffef400        0x4 .pioenvs\esp12e\libFrameworkArduino.a(umm_malloc.o)
                0x3ffef400                umm_heap
 .bss._ZL11sLastUnused
                0x3ffef404        0x4 .pioenvs\esp12e\libFrameworkArduino.a(Schedule.o)
 .bss._ZL12sFirstUnused
                0x3ffef408        0x4 .pioenvs\esp12e\libFrameworkArduino.a(Schedule.o)
 .bss._ZL5sLast
                0x3ffef40c        0x4 .pioenvs\esp12e\libFrameworkArduino.a(Schedule.o)
 .bss._ZL6sFirst
                0x3ffef410        0x4 .pioenvs\esp12e\libFrameworkArduino.a(Schedule.o)
 .bss.timer0_user_cb
                0x3ffef414        0x4 .pioenvs\esp12e\libFrameworkArduino.a(core_esp8266_timer.o)
 .bss.timer1_user_cb
                0x3ffef418        0x4 .pioenvs\esp12e\libFrameworkArduino.a(core_esp8266_timer.o)
 .bss.renew     0x3ffef41c        0x1 C:\users\ikutsin\.platformio\packages\framework-arduinoespressif8266\tools\sdk\lib\liblwip_gcc.a(dhcpserver.o)
 *fill*         0x3ffef41d        0x3 
 .bss.plist     0x3ffef420        0x4 C:\users\ikutsin\.platformio\packages\framework-arduinoespressif8266\tools\sdk\lib\liblwip_gcc.a(dhcpserver.o)
 .bss.dhcps_lease
                0x3ffef424        0xc C:\users\ikutsin\.platformio\packages\framework-arduinoespressif8266\tools\sdk\lib\liblwip_gcc.a(dhcpserver.o)
 .bss.client_address
                0x3ffef430        0x4 C:\users\ikutsin\.platformio\packages\framework-arduinoespressif8266\tools\sdk\lib\liblwip_gcc.a(dhcpserver.o)
 .bss.server_address
                0x3ffef434        0x4 C:\users\ikutsin\.platformio\packages\framework-arduinoespressif8266\tools\sdk\lib\liblwip_gcc.a(dhcpserver.o)
 .bss.broadcast_dhcps
                0x3ffef438        0x4 C:\users\ikutsin\.platformio\packages\framework-arduinoespressif8266\tools\sdk\lib\liblwip_gcc.a(dhcpserver.o)
 .bss.pcb_dhcps
                0x3ffef43c        0x4 C:\users\ikutsin\.platformio\packages\framework-arduinoespressif8266\tools\sdk\lib\liblwip_gcc.a(dhcpserver.o)
 .bss.dns_random
                0x3ffef440        0x1 C:\users\ikutsin\.platformio\packages\framework-arduinoespressif8266\tools\sdk\lib\liblwip_gcc.a(dns.o)
 *fill*         0x3ffef441        0x3 
 .bss.dns_payload
                0x3ffef444        0x4 C:\users\ikutsin\.platformio\packages\framework-arduinoespressif8266\tools\sdk\lib\liblwip_gcc.a(dns.o)
 .bss.dns_servers
                0x3ffef448        0x8 C:\users\ikutsin\.platformio\packages\framework-arduinoespressif8266\tools\sdk\lib\liblwip_gcc.a(dns.o)
 .bss.dns_table
                0x3ffef450      0x460 C:\users\ikutsin\.platformio\packages\framework-arduinoespressif8266\tools\sdk\lib\liblwip_gcc.a(dns.o)
 .bss.dns_seqno
                0x3ffef8b0        0x1 C:\users\ikutsin\.platformio\packages\framework-arduinoespressif8266\tools\sdk\lib\liblwip_gcc.a(dns.o)
 *fill*         0x3ffef8b1        0x3 
 .bss.dns_pcb   0x3ffef8b4        0x4 C:\users\ikutsin\.platformio\packages\framework-arduinoespressif8266\tools\sdk\lib\liblwip_gcc.a(dns.o)
 .bss.netifnum$2695
                0x3ffef8b8        0x1 C:\users\ikutsin\.platformio\packages\framework-arduinoespressif8266\tools\sdk\lib\liblwip_gcc.a(netif.o)
 .bss.tcp_timer
                0x3ffef8b9        0x1 C:\users\ikutsin\.platformio\packages\framework-arduinoespressif8266\tools\sdk\lib\liblwip_gcc.a(tcp.o)
 *fill*         0x3ffef8ba        0x2 
 .bss.tcpip_tcp_timer_active
                0x3ffef8bc        0x4 C:\users\ikutsin\.platformio\packages\framework-arduinoespressif8266\tools\sdk\lib\liblwip_gcc.a(timers.o)
 .bss.timeouts_last_time
                0x3ffef8c0        0x4 C:\users\ikutsin\.platformio\packages\framework-arduinoespressif8266\tools\sdk\lib\liblwip_gcc.a(timers.o)
 .bss.next_timeout
                0x3ffef8c4        0x4 C:\users\ikutsin\.platformio\packages\framework-arduinoespressif8266\tools\sdk\lib\liblwip_gcc.a(timers.o)
 .bss.etharp_cached_entry
                0x3ffef8c8        0x1 C:\users\ikutsin\.platformio\packages\framework-arduinoespressif8266\tools\sdk\lib\liblwip_gcc.a(etharp.o)
 *fill*         0x3ffef8c9        0x3 
 .bss.arp_table
                0x3ffef8cc       0xf0 C:\users\ikutsin\.platformio\packages\framework-arduinoespressif8266\tools\sdk\lib\liblwip_gcc.a(etharp.o)
 .bss.allrouters
                0x3ffef9bc        0x4 C:\users\ikutsin\.platformio\packages\framework-arduinoespressif8266\tools\sdk\lib\liblwip_gcc.a(igmp.o)
 .bss.allsystems
                0x3ffef9c0        0x4 C:\users\ikutsin\.platformio\packages\framework-arduinoespressif8266\tools\sdk\lib\liblwip_gcc.a(igmp.o)
 .bss.igmp_group_list
                0x3ffef9c4        0x4 C:\users\ikutsin\.platformio\packages\framework-arduinoespressif8266\tools\sdk\lib\liblwip_gcc.a(igmp.o)
 .bss.ip_id     0x3ffef9c8        0x2 C:\users\ikutsin\.platformio\packages\framework-arduinoespressif8266\tools\sdk\lib\liblwip_gcc.a(ip.o)
 .bss.str$2146  0x3ffef9ca       0x10 C:\users\ikutsin\.platformio\packages\framework-arduinoespressif8266\tools\sdk\lib\liblwip_gcc.a(ip_addr.o)
 *fill*         0x3ffef9da        0x2 
 .bss.randnum$3659
                0x3ffef9dc        0x4 C:\users\ikutsin\.platformio\packages\framework-arduinoespressif8266\tools\sdk\lib\liblwip_gcc.a(espconn.o)
 .bss.pserver_list
                0x3ffef9e0        0x4 C:\users\ikutsin\.platformio\packages\framework-arduinoespressif8266\tools\sdk\lib\liblwip_gcc.a(espconn.o)
                0x3ffef9e0                pserver_list
 .bss.plink_active
                0x3ffef9e4        0x4 C:\users\ikutsin\.platformio\packages\framework-arduinoespressif8266\tools\sdk\lib\liblwip_gcc.a(espconn.o)
                0x3ffef9e4                plink_active
 .bss.raw_pcbs  0x3ffef9e8        0x4 C:\users\ikutsin\.platformio\packages\framework-arduinoespressif8266\tools\sdk\lib\liblwip_gcc.a(raw.o)
 .bss.recv_data
                0x3ffef9ec        0x4 C:\users\ikutsin\.platformio\packages\framework-arduinoespressif8266\tools\sdk\lib\liblwip_gcc.a(tcp_in.o)
 .bss.recv_flags
                0x3ffef9f0        0x1 C:\users\ikutsin\.platformio\packages\framework-arduinoespressif8266\tools\sdk\lib\liblwip_gcc.a(tcp_in.o)
 *fill*         0x3ffef9f1        0x1 
 .bss.tcplen    0x3ffef9f2        0x2 C:\users\ikutsin\.platformio\packages\framework-arduinoespressif8266\tools\sdk\lib\liblwip_gcc.a(tcp_in.o)
 .bss.flags     0x3ffef9f4        0x1 C:\users\ikutsin\.platformio\packages\framework-arduinoespressif8266\tools\sdk\lib\liblwip_gcc.a(tcp_in.o)
 *fill*         0x3ffef9f5        0x3 
 .bss.ackno     0x3ffef9f8        0x4 C:\users\ikutsin\.platformio\packages\framework-arduinoespressif8266\tools\sdk\lib\liblwip_gcc.a(tcp_in.o)
 .bss.seqno     0x3ffef9fc        0x4 C:\users\ikutsin\.platformio\packages\framework-arduinoespressif8266\tools\sdk\lib\liblwip_gcc.a(tcp_in.o)
 .bss.iphdr     0x3ffefa00        0x4 C:\users\ikutsin\.platformio\packages\framework-arduinoespressif8266\tools\sdk\lib\liblwip_gcc.a(tcp_in.o)
 .bss.tcphdr    0x3ffefa04        0x4 C:\users\ikutsin\.platformio\packages\framework-arduinoespressif8266\tools\sdk\lib\liblwip_gcc.a(tcp_in.o)
 .bss.inseg     0x3ffefa08       0x14 C:\users\ikutsin\.platformio\packages\framework-arduinoespressif8266\tools\sdk\lib\liblwip_gcc.a(tcp_in.o)
 *(.gnu.linkonce.b.*)
 *(COMMON)
 COMMON         0x3ffefa1c        0xe .pioenvs\esp12e\libFrameworkArduino.a(umm_malloc.o)
                0x3ffefa1c                ummHeapInfo
 *fill*         0x3ffefa2a        0x2 
 COMMON         0x3ffefa2c       0x78 C:\users\ikutsin\.platformio\packages\framework-arduinoespressif8266\tools\sdk\lib\liblwip_gcc.a(espconn_tcp.o)
                0x3ffefa2c                espconn_TaskQueue
 COMMON         0x3ffefaa4       0x34 C:\users\ikutsin\.platformio\packages\framework-arduinoespressif8266\tools\sdk\lib\liblwip_gcc.a(dhcp.o)
                0x3ffefaa4                dhcp_rx_options_given
                0x3ffefab0                dhcp_rx_options_val
 COMMON         0x3ffefad8        0x8 C:\users\ikutsin\.platformio\packages\framework-arduinoespressif8266\tools\sdk\lib\liblwip_gcc.a(netif.o)
                0x3ffefad8                netif_list
                0x3ffefadc                netif_default
 COMMON         0x3ffefae0       0x18 C:\users\ikutsin\.platformio\packages\framework-arduinoespressif8266\tools\sdk\lib\liblwip_gcc.a(tcp.o)
                0x3ffefae0                tcp_active_pcbs
                0x3ffefae4                tcp_ticks
                0x3ffefae8                tcp_listen_pcbs
                0x3ffefaec                tcp_tmp_pcb
                0x3ffefaf0                tcp_bound_pcbs
                0x3ffefaf4                tcp_tw_pcbs
 COMMON         0x3ffefaf8        0x4 C:\users\ikutsin\.platformio\packages\framework-arduinoespressif8266\tools\sdk\lib\liblwip_gcc.a(udp.o)
                0x3ffefaf8                udp_pcbs
 COMMON         0x3ffefafc       0x10 C:\users\ikutsin\.platformio\packages\framework-arduinoespressif8266\tools\sdk\lib\liblwip_gcc.a(ip.o)
                0x3ffefafc                current_iphdr_src
                0x3ffefb00                current_netif
                0x3ffefb04                current_iphdr_dest
                0x3ffefb08                current_header
 COMMON         0x3ffefb0c       0xdc C:\users\ikutsin\.platformio\packages\framework-arduinoespressif8266\tools\sdk\lib\liblwip_gcc.a(espconn.o)
                0x3ffefb0c                premot
                0x3ffefbc0                pktinfo
 COMMON         0x3ffefbe8        0x4 C:\users\ikutsin\.platformio\packages\framework-arduinoespressif8266\tools\sdk\lib\liblwip_gcc.a(tcp_in.o)
                0x3ffefbe8                tcp_input_pcb
                0x3ffefbf0                . = ALIGN (0x8)
 *fill*         0x3ffefbec        0x4 
                0x3ffefbf0                _bss_end = ABSOLUTE (.)
                0x3ffefbf0                _heap_start = ABSOLUTE (.)

.irom0.text     0x40201010    0x2f373
                0x40201010                _irom0_text_start = ABSOLUTE (.)
 *(.ver_number)
 *.pioenvs\\*\\lib*.a:(EXCLUDE_FILE(umm_malloc.o) .literal*, \ EXCLUDE_FILE(umm_malloc.o) .text*)
 .text._ZN14HardwareSerialD2Ev
                0x40201010        0xb .pioenvs\esp12e\libFrameworkArduino.a(HardwareSerial.o)
                0x40201014                HardwareSerial::~HardwareSerial()
                0x40201014                HardwareSerial::~HardwareSerial()
 *fill*         0x4020101b        0x1 
 .text._ZN14HardwareSerialD0Ev
                0x4020101c       0x17 .pioenvs\esp12e\libFrameworkArduino.a(HardwareSerial.o)
                                 0x1f (size before relaxing)
                0x4020101c                HardwareSerial::~HardwareSerial()
 *fill*         0x40201033        0x1 
 .text._ZN14HardwareSerial5flushEv
                0x40201034       0x23 .pioenvs\esp12e\libFrameworkArduino.a(HardwareSerial.o)
                                 0x2f (size before relaxing)
                0x40201034                HardwareSerial::flush()
 *fill*         0x40201057        0x1 
 .text._ZN14HardwareSerial5writeEh
                0x40201058       0x37 .pioenvs\esp12e\libFrameworkArduino.a(HardwareSerial.o)
                                 0x3f (size before relaxing)
                0x40201058                HardwareSerial::write(unsigned char)
 *fill*         0x4020108f        0x1 
 .text._ZN14HardwareSerial9availableEv
                0x40201090       0x55 .pioenvs\esp12e\libFrameworkArduino.a(HardwareSerial.o)
                                 0x61 (size before relaxing)
                0x40201094                HardwareSerial::available()
 *fill*         0x402010e5        0x3 
 .text._ZN14HardwareSerial4peekEv
                0x402010e8       0x21 .pioenvs\esp12e\libFrameworkArduino.a(HardwareSerial.o)
                                 0x25 (size before relaxing)
                0x402010e8                HardwareSerial::peek()
 *fill*         0x40201109        0x3 
 .text._ZN14HardwareSerial4readEv
                0x4020110c       0x3e .pioenvs\esp12e\libFrameworkArduino.a(HardwareSerial.o)
                                 0x4a (size before relaxing)
                0x4020110c                HardwareSerial::read()
 *fill*         0x4020114a        0x2 
 .text._ZN14HardwareSerialC2Ei
                0x4020114c       0x18 .pioenvs\esp12e\libFrameworkArduino.a(HardwareSerial.o)
                                 0x1c (size before relaxing)
                0x4020114c                HardwareSerial::HardwareSerial(int)
                0x4020114c                HardwareSerial::HardwareSerial(int)
 .text._ZN14HardwareSerial5beginEm12SerialConfig10SerialModeh
                0x40201164       0x5d .pioenvs\esp12e\libFrameworkArduino.a(HardwareSerial.o)
                                 0x6d (size before relaxing)
                0x40201168                HardwareSerial::begin(unsigned long, SerialConfig, SerialMode, unsigned char)
 *fill*         0x402011c1        0x3 
 .text.startup._GLOBAL__sub_I__ZN14HardwareSerialC2Ei
                0x402011c4       0x27 .pioenvs\esp12e\libFrameworkArduino.a(HardwareSerial.o)
                                 0x33 (size before relaxing)
 *fill*         0x402011eb        0x1 
 .text.exit._GLOBAL__sub_D__ZN14HardwareSerialC2Ei
                0x402011ec        0xf .pioenvs\esp12e\libFrameworkArduino.a(HardwareSerial.o)
                                 0x1b (size before relaxing)
 *fill*         0x402011fb        0x1 
 .text._ZN5Print5writeEPKc
                0x402011fc       0x32 .pioenvs\esp12e\libFrameworkArduino.a(Print.o)
                0x40201200                Print::write(char const*)
 *fill*         0x4020122e        0x2 
 .text._ZN5Print7printlnEv
                0x40201230       0x19 .pioenvs\esp12e\libFrameworkArduino.a(Print.o)
                                 0x1d (size before relaxing)
                0x40201234                Print::println()
 *fill*         0x40201249        0x3 
 .text._ZN5Print7printlnEPKc
                0x4020124c       0x25 .pioenvs\esp12e\libFrameworkArduino.a(Print.o)
                                 0x31 (size before relaxing)
                0x4020124c                Print::println(char const*)
 *fill*         0x40201271        0x3 
 .text._ZN6Stream9timedReadEv
                0x40201274       0x41 .pioenvs\esp12e\libFrameworkArduino.a(Stream.o)
                                 0x4d (size before relaxing)
                0x40201278                Stream::timedRead()
 *fill*         0x402012b5        0x3 
 .text._ZN6Stream9readBytesEPcj
                0x402012b8       0x41 .pioenvs\esp12e\libFrameworkArduino.a(Stream.o)
                                 0x45 (size before relaxing)
                0x402012b8                Stream::readBytes(char*, unsigned int)
 *fill*         0x402012f9        0x3 
 .text._ZdlPv   0x402012fc       0x13 .pioenvs\esp12e\libFrameworkArduino.a(abi.o)
                                 0x17 (size before relaxing)
                0x402012fc                operator delete(void*)
 *fill*         0x4020130f        0x1 
 .text._ZSt25__throw_bad_function_callv
                0x40201310       0x18 .pioenvs\esp12e\libFrameworkArduino.a(abi.o)
                                 0x20 (size before relaxing)
                0x40201318                std::__throw_bad_function_call()
 .text._ZL9loop_taskP11ETSEventTag
                0x40201328       0x5a .pioenvs\esp12e\libFrameworkArduino.a(core_esp8266_main.o)
                                 0x66 (size before relaxing)
 *fill*         0x40201382        0x2 
 .text.esp_yield
                0x40201384       0x29 .pioenvs\esp12e\libFrameworkArduino.a(core_esp8266_main.o)
                                 0x31 (size before relaxing)
                0x40201388                esp_yield
 *fill*         0x402013ad        0x3 
 .text.esp_schedule
                0x402013b0       0x1c .pioenvs\esp12e\libFrameworkArduino.a(core_esp8266_main.o)
                0x402013b4                esp_schedule
 .text._ZL12loop_wrapperv
                0x402013cc       0x34 .pioenvs\esp12e\libFrameworkArduino.a(core_esp8266_main.o)
                                 0x54 (size before relaxing)
 .text.__yield  0x40201400       0x34 .pioenvs\esp12e\libFrameworkArduino.a(core_esp8266_main.o)
                                 0x53 (size before relaxing)
                0x40201404                __yield
                0x40201404                yield
 *fill*         0x40201434        0x0 
 .text.optimistic_yield
                0x40201434       0x31 .pioenvs\esp12e\libFrameworkArduino.a(core_esp8266_main.o)
                                 0x49 (size before relaxing)
                0x40201434                optimistic_yield
 *fill*         0x40201465        0x3 
 .text._Z9init_donev
                0x40201468       0x55 .pioenvs\esp12e\libFrameworkArduino.a(core_esp8266_main.o)
                                 0x65 (size before relaxing)
                0x4020147c                init_done()
 *fill*         0x402014bd        0x3 
 .text.user_init
                0x402014c0       0x6d .pioenvs\esp12e\libFrameworkArduino.a(core_esp8266_main.o)
                                 0x8d (size before relaxing)
                0x402014e0                user_init
 *fill*         0x4020152d        0x3 
 .text.uart_write_char_d
                0x40201530       0x5b .pioenvs\esp12e\libFrameworkArduino.a(core_esp8266_postmortem.o)
                0x40201540                uart_write_char_d
 *fill*         0x4020158b        0x1 
 .text.__wrap_system_restart_local
                0x4020158c      0x1b3 .pioenvs\esp12e\libFrameworkArduino.a(core_esp8266_postmortem.o)
                                0x1eb (size before relaxing)
                0x402015e4                __wrap_system_restart_local
 *fill*         0x4020173f        0x1 
 .text.abort    0x40201740        0xb .pioenvs\esp12e\libFrameworkArduino.a(core_esp8266_postmortem.o)
                                  0xf (size before relaxing)
                0x40201740                abort
 *fill*         0x4020174b        0x1 
 .text.__panic_func
                0x4020174c       0x1a .pioenvs\esp12e\libFrameworkArduino.a(core_esp8266_postmortem.o)
                                 0x36 (size before relaxing)
                0x4020174c                __panic_func
 *fill*         0x40201766        0x2 
 .text.delay_end
                0x40201768        0xf .pioenvs\esp12e\libFrameworkArduino.a(core_esp8266_wiring.o)
                                 0x17 (size before relaxing)
                0x40201768                delay_end
 *fill*         0x40201777        0x1 
 .text.micros_overflow_tick
                0x40201778       0x31 .pioenvs\esp12e\libFrameworkArduino.a(core_esp8266_wiring.o)
                                 0x35 (size before relaxing)
                0x40201780                micros_overflow_tick
 *fill*         0x402017a9        0x3 
 .text.delay    0x402017ac       0x61 .pioenvs\esp12e\libFrameworkArduino.a(core_esp8266_wiring.o)
                                 0x6f (size before relaxing)
                0x402017c0                delay
 *fill*         0x4020180d        0x3 
 .text.init     0x40201810       0x41 .pioenvs\esp12e\libFrameworkArduino.a(core_esp8266_wiring.o)
                                 0x59 (size before relaxing)
                0x4020181c                init
 *fill*         0x40201851        0x3 
 .text.__pinMode
                0x40201854      0x37e .pioenvs\esp12e\libFrameworkArduino.a(core_esp8266_wiring_digital.o)
                0x40201874                pinMode
                0x40201874                __pinMode
 *fill*         0x40201bd2        0x2 
 .text.initPins
                0x40201bd4       0x7c .pioenvs\esp12e\libFrameworkArduino.a(core_esp8266_wiring_digital.o)
                                 0x8c (size before relaxing)
                0x40201bec                initPins
 .text.uart1_write_char
                0x40201c50       0x3b .pioenvs\esp12e\libFrameworkArduino.a(uart.o)
                                 0x47 (size before relaxing)
 *fill*         0x40201c8b        0x1 
 .text.uart0_write_char
                0x40201c8c       0x3b .pioenvs\esp12e\libFrameworkArduino.a(uart.o)
                                 0x47 (size before relaxing)
 *fill*         0x40201cc7        0x1 
 .text.uart_write_char
                0x40201cc8       0x37 .pioenvs\esp12e\libFrameworkArduino.a(uart.o)
                                 0x3f (size before relaxing)
                0x40201cc8                uart_write_char
 *fill*         0x40201cff        0x1 
 .text.uart_rx_available
                0x40201d00       0x28 .pioenvs\esp12e\libFrameworkArduino.a(uart.o)
                                 0x2c (size before relaxing)
                0x40201d00                uart_rx_available
 .text.uart_read_char
                0x40201d28       0x43 .pioenvs\esp12e\libFrameworkArduino.a(uart.o)
                                 0x4f (size before relaxing)
                0x40201d28                uart_read_char
 *fill*         0x40201d6b        0x1 
 .text.uart_wait_tx_empty
                0x40201d6c       0x43 .pioenvs\esp12e\libFrameworkArduino.a(uart.o)
                                 0x4b (size before relaxing)
                0x40201d6c                uart_wait_tx_empty
 *fill*         0x40201daf        0x1 
 .text.uart_flush
                0x40201db0       0x6a .pioenvs\esp12e\libFrameworkArduino.a(uart.o)
                0x40201dbc                uart_flush
 *fill*         0x40201e1a        0x2 
 .text.uart_set_baudrate
                0x40201e1c       0x42 .pioenvs\esp12e\libFrameworkArduino.a(uart.o)
                0x40201e28                uart_set_baudrate
 *fill*         0x40201e5e        0x2 
 .text.uart_init
                0x40201e60      0x13d .pioenvs\esp12e\libFrameworkArduino.a(uart.o)
                                0x165 (size before relaxing)
                0x40201e6c                uart_init
 *fill*         0x40201f9d        0x3 
 .text.uart_set_debug
                0x40201fa0       0x54 .pioenvs\esp12e\libFrameworkArduino.a(uart.o)
                                 0x64 (size before relaxing)
                0x40201fb0                uart_set_debug
 .text.uart_get_debug
                0x40201ff4        0x7 .pioenvs\esp12e\libFrameworkArduino.a(uart.o)
                                  0xb (size before relaxing)
                0x40201ff4                uart_get_debug
 *fill*         0x40201ffb        0x1 
 .text._Z23run_scheduled_functionsv
                0x40201ffc       0x8a .pioenvs\esp12e\libFrameworkArduino.a(Schedule.o)
                                 0xaa (size before relaxing)
                0x4020200c                run_scheduled_functions()
 *fill*         0x40202086        0x2 
 .text          0x40202088       0x7f .pioenvs\esp12e\libFrameworkArduino.a(cont.o)
                                 0x83 (size before relaxing)
                0x4020208c                cont_yield
                0x402020c4                cont_run
 *fill*         0x40202107        0x1 
 .text.timer1_isr_init
                0x40202108       0x1d .pioenvs\esp12e\libFrameworkArduino.a(core_esp8266_timer.o)
                                 0x21 (size before relaxing)
                0x4020210c                timer1_isr_init
 *fill*         0x40202125        0x3 
 .text.__wrap_register_chipv6_phy
                0x40202128       0x32 .pioenvs\esp12e\libFrameworkArduino.a(core_esp8266_phy.o)
                                 0x42 (size before relaxing)
                0x4020212c                __wrap_register_chipv6_phy
 *fill*         0x4020215a        0x2 
 .text.user_rf_pre_init
                0x4020215c       0x4b .pioenvs\esp12e\libFrameworkArduino.a(core_esp8266_phy.o)
                                 0x66 (size before relaxing)
                0x40202164                user_rf_pre_init
 *fill*         0x402021a7        0x1 
 .text.xPortGetFreeHeapSize
                0x402021a8        0xf .pioenvs\esp12e\libFrameworkArduino.a(heap.o)
                                 0x17 (size before relaxing)
                0x402021a8                xPortGetFreeHeapSize
 *fill*         0x402021b7        0x1 
 .text._ZN6Stream9readBytesEPhj
                0x402021b8       0x13 .pioenvs\esp12e\libFrameworkArduino.a(HardwareSerial.o)
                0x402021b8                Stream::readBytes(unsigned char*, unsigned int)
 *fill*         0x402021cb        0x0 
 *fill*         0x402021cb        0x0 
 *fill*         0x402021cb        0x0 
 *fill*         0x402021cb        0x0 
 *fill*         0x402021cb        0x0 
 *fill*         0x402021cb        0x0 
 *fill*         0x402021cb        0x0 
 *fill*         0x402021cb        0x0 
 *fill*         0x402021cb        0x0 
 *fill*         0x402021cb        0x0 
 *fill*         0x402021cb        0x1 
 .text._ZN5Print5writeEPKhj
                0x402021cc       0x3c .pioenvs\esp12e\libFrameworkArduino.a(Print.o)
                0x402021cc                Print::write(unsigned char const*, unsigned int)
 *fill*         0x40202208        0x0 
 *fill*         0x40202208        0x0 
 *fill*         0x40202208        0x0 
 *fill*         0x40202208        0x0 
 *fill*         0x40202208        0x0 
 *fill*         0x40202208        0x0 
 *fill*         0x40202208        0x0 
 .text.initVariant
                0x40202208        0x2 .pioenvs\esp12e\libFrameworkArduino.a(core_esp8266_main.o)
                0x40202208                initVariant
 *fill*         0x4020220a        0x2 
 .text._Z24preloop_update_frequencyv
                0x4020220c        0x2 .pioenvs\esp12e\libFrameworkArduino.a(core_esp8266_main.o)
                0x4020220c                preloop_update_frequency()
 *fill*         0x4020220e        0x0 
 *fill*         0x4020220e        0x0 
 *fill*         0x4020220e        0x0 
 *fill*         0x4020220e        0x2 
 .text.__gdb_init
                0x40202210        0x2 .pioenvs\esp12e\libFrameworkArduino.a(core_esp8266_main.o)
                0x40202210                __gdb_init
                0x40202210                gdb_init
 *fill*         0x40202212        0x0 
 *fill*         0x40202212        0x2 
 .text.__gdb_do_break
                0x40202214        0x2 .pioenvs\esp12e\libFrameworkArduino.a(core_esp8266_main.o)
                0x40202214                __gdb_do_break
                0x40202214                gdb_do_break
 *fill*         0x40202216        0x0 
 *fill*         0x40202216        0x0 
 *fill*         0x40202216        0x2 
 .text.__custom_crash_callback
                0x40202218        0x2 .pioenvs\esp12e\libFrameworkArduino.a(core_esp8266_postmortem.o)
                0x40202218                custom_crash_callback
                0x40202218                __custom_crash_callback
 *fill*         0x4020221a        0x0 
 *fill*         0x4020221a        0x0 
 *fill*         0x4020221a        0x0 
 *fill*         0x4020221a        0x0 
 *fill*         0x4020221a        0x0 
 *fill*         0x4020221a        0x0 
 *fill*         0x4020221a        0x0 
 *fill*         0x4020221a        0x0 
 *fill*         0x4020221a        0x2 
 .text.isxdigit
                0x4020221c       0x1c .pioenvs\esp12e\libFrameworkArduino.a(libc_replacements.o)
                0x4020221c                isxdigit
 .text.uart_ignore_char
                0x40202238        0x2 .pioenvs\esp12e\libFrameworkArduino.a(uart.o)
 *fill*         0x4020223a        0x0 
 *fill*         0x4020223a        0x0 
 *fill*         0x4020223a        0x0 
 *fill*         0x4020223a        0x0 
 *fill*         0x4020223a        0x0 
 *fill*         0x4020223a        0x0 
 *fill*         0x4020223a        0x0 
 *fill*         0x4020223a        0x0 
 *fill*         0x4020223a        0x2 
 .text.uart_tx_enabled
                0x4020223c        0x7 .pioenvs\esp12e\libFrameworkArduino.a(uart.o)
                0x4020223c                uart_tx_enabled
 *fill*         0x40202243        0x1 
 .text.uart_rx_enabled
                0x40202244        0x7 .pioenvs\esp12e\libFrameworkArduino.a(uart.o)
                0x40202244                uart_rx_enabled
 *fill*         0x4020224b        0x0 
 *fill*         0x4020224b        0x1 
 .text._ZNSt14_Function_baseD2Ev
                0x4020224c       0x17 .pioenvs\esp12e\libFrameworkArduino.a(Schedule.o)
                0x4020224c                std::_Function_base::~_Function_base()
                0x4020224c                std::_Function_base::~_Function_base()
 *fill*         0x40202263        0x1 
 .text._ZNSt8functionIFvvEE4swapERS1_
                0x40202264       0x28 .pioenvs\esp12e\libFrameworkArduino.a(Schedule.o)
                0x40202264                std::function<void ()>::swap(std::function<void ()>&)
 *fill*         0x4020228c        0x0 
 *fill*         0x4020228c        0x0 
 *fill*         0x4020228c        0x0 
 .text._Z13__get_rf_modev
                0x4020228c        0x4 .pioenvs\esp12e\libFrameworkArduino.a(core_esp8266_phy.o)
                0x4020228c                __get_rf_mode()
 .text._Z14__get_adc_modev
                0x40202290        0x4 .pioenvs\esp12e\libFrameworkArduino.a(core_esp8266_phy.o)
                0x40202290                __get_adc_mode()
 *fill*         0x40202294        0x0 
 .text._Z22__run_user_rf_pre_initv
                0x40202294        0x2 .pioenvs\esp12e\libFrameworkArduino.a(core_esp8266_phy.o)
                0x40202294                __run_user_rf_pre_init()
 *fill*         0x40202296        0x0 
 *fill*         0x40202296        0x0 
 *.pioenvs/*/lib*.a:(EXCLUDE_FILE(umm_malloc.o) .literal*, \ EXCLUDE_FILE(umm_malloc.o) .text*)
 *.pioenvs\\*\\lib\*.a:(EXCLUDE_FILE(umm_malloc.o) .literal*, \ EXCLUDE_FILE(umm_malloc.o) .text*)
 *.pioenvs/*/lib/*.a:(EXCLUDE_FILE(umm_malloc.o) .literal*, \ EXCLUDE_FILE(umm_malloc.o) .text*)
 *.pioenvs\\*\\src\\*.o(EXCLUDE_FILE(umm_malloc.o) .literal*, \ EXCLUDE_FILE(umm_malloc.o) .text*)
 *fill*         0x40202296        0x2 
 .text.setup    0x40202298       0x31 .pioenvs\esp12e\src\main.o
                                 0x45 (size before relaxing)
                0x402022a0                setup
 *fill*         0x402022c9        0x3 
 .text.loop     0x402022cc       0x2d .pioenvs\esp12e\src\main.o
                                 0x3d (size before relaxing)
                0x402022cc                loop
 *fill*         0x402022f9        0x0 
 *fill*         0x402022f9        0x0 
 *.pioenvs/*/src/*.o(EXCLUDE_FILE(umm_malloc.o) .literal*, \ EXCLUDE_FILE(umm_malloc.o) .text*)
 *libm.a:(.literal .text .literal.* .text.*)
 *libgcc.a:_umoddi3.o(.literal .text)
 *fill*         0x402022f9        0x3 
 .literal       0x402022fc        0x8 c:/users/ikutsin/.platformio/packages/toolchain-xtensa/bin/../lib/gcc/xtensa-lx106-elf/4.8.2\libgcc.a(_umoddi3.o)
                                 0x40 (size before relaxing)
 .text          0x40202304      0x366 c:/users/ikutsin/.platformio/packages/toolchain-xtensa/bin/../lib/gcc/xtensa-lx106-elf/4.8.2\libgcc.a(_umoddi3.o)
                0x40202304                __umoddi3
 *fill*         0x4020266a        0x0 
 *libgcc.a:_udivdi3.o(.literal .text)
 *libsmartconfig.a:(.literal .text .literal.* .text.*)
 *(.irom0.literal .irom.literal .irom.text.literal .irom0.text .irom.text .irom.text.*)
 *fill*         0x4020266a        0x2 
 .irom0.text    0x4020266c      0x250 .pioenvs\esp12e\libFrameworkArduino.a(umm_malloc.o)
                                0x274 (size before relaxing)
                0x402026a0                umm_info
                0x402028a0                umm_free_heap_size
 .irom0.text    0x402028bc      0x610 C:\users\ikutsin\.platformio\packages\framework-arduinoespressif8266\tools\sdk\lib\libmain.a(eagle_lib.o)
                                0x620 (size before relaxing)
                0x402028bc                divide
                0x402028f8                skip_atoi
                0x40202a7c                ets_vsnprintf
                0x40202ddc                ets_vsprintf
                0x40202e00                ets_sprintf
                0x40202e28                ets_strcat
                0x40202e48                ets_strrchr
                0x40202e74                ets_strchr
                0x40202e8c                bit_popcount
                0x40202ea8                ets_snprintf
 .irom0.text    0x40202ecc      0x182 C:\users\ikutsin\.platformio\packages\framework-arduinoespressif8266\tools\sdk\lib\libmain.a(ets_timer.o)
                                0x1b2 (size before relaxing)
                0x40202ed4                ets_timer_done
                0x40202f1c                ets_timer_handler_isr
                0x40202fec                ets_timer_init
 *fill*         0x4020304e        0x2 
 .irom0.text    0x40203050     0x34ed C:\users\ikutsin\.platformio\packages\framework-arduinoespressif8266\tools\sdk\lib\libmain.a(user_interface.o)
                               0x3eb1 (size before relaxing)
                0x40203054                system_set_os_print
                0x40203064                system_get_os_print
                0x40203230                system_pp_recycle_rx_pkt
                0x40203244                system_adc_read
                0x4020325c                system_get_vdd33
                0x40203274                system_restart_hook
                0x40203294                system_restart_local
                0x40203374                system_restart
                0x402033e0                system_restore
                0x4020344c                system_get_flash_size_map
                0x40203470                system_get_boot_version
                0x402034a8                system_get_test_result
                0x402034d0                system_get_userbin_addr
                0x40203568                system_get_boot_mode
                0x40203598                system_restart_enhance
                0x402036c8                system_upgrade_userbin_set
                0x40203714                system_upgrade_userbin_check
                0x40203754                system_upgrade_flag_set
                0x40203768                system_upgrade_flag_check
                0x40203790                system_upgrade_reboot
                0x402038c4                system_deep_sleep_instant
                0x40203a5c                system_deep_sleep
                0x40203abc                system_deep_sleep_set_option
                0x40203ad8                system_phy_temperature_alert
                0x40203aec                system_phy_set_max_tpw
                0x40203b00                system_phy_set_tpw_via_vdd33
                0x40203b14                system_phy_set_rfoption
                0x40203b28                system_phy_set_powerup_option
                0x40203b40                system_update_cpu_freq
                0x40203b9c                system_get_cpu_freq
                0x40203bb4                system_overclock
                0x40203be0                system_restoreclock
                0x40203c10                system_timer_reinit
                0x40203c28                system_relative_time
                0x40203c50                system_station_got_ip_set
                0x40203d88                system_print_meminfo
                0x40203de8                system_get_free_heap_size
                0x40203e04                system_get_chip_id
                0x40203e28                system_rtc_clock_cali_proc
                0x40203e3c                system_get_rtc_time
                0x40203e50                system_mktime
                0x40203f20                system_init_done_cb
                0x40203f2c                system_get_rst_info
                0x40203f34                system_get_data_of_array_8
                0x40203f58                system_get_data_of_array_16
                0x40203f80                system_get_string_from_flash
                0x40203fec                wifi_softap_dhcps_start
                0x40204034                wifi_softap_dhcps_stop
                0x40204074                wifi_softap_dhcps_status
                0x4020407c                wifi_station_dhcpc_start
                0x402040d4                wifi_station_dhcpc_stop
                0x40204118                wifi_station_dhcpc_event
                0x40204190                wifi_station_dhcpc_set_maxtry
                0x402041a0                wifi_station_dhcpc_status
                0x40204218                wifi_get_opmode
                0x4020422c                wifi_get_opmode_default
                0x402042a8                wifi_get_broadcast_if
                0x402042e4                wifi_set_broadcast_if
                0x40204448                wifi_set_opmode
                0x4020445c                wifi_set_opmode_current
                0x40204470                system_get_checksum
                0x402044b8                wifi_param_save_protect_with_check
                0x40204574                system_param_save_with_protect
                0x4020461c                system_save_sys_param
                0x40204648                system_param_load
                0x40204780                wifi_station_get_config
                0x40204794                wifi_station_get_config_default
                0x402047b4                wifi_station_get_ap_info
                0x4020486c                wifi_station_ap_number_set
                0x40204c08                wifi_station_set_config
                0x40204c20                wifi_station_set_config_current
                0x40204c38                wifi_station_restore_config
                0x40204c50                wifi_station_get_current_ap_id
                0x40204c64                wifi_station_ap_check
                0x40204cb0                wifi_station_ap_change
                0x40204ddc                wifi_station_scan
                0x40204e28                wifi_station_get_auto_connect
                0x40204e3c                wifi_station_set_auto_connect
                0x40204e8c                wifi_station_save_pmk2cache
                0x40204f40                wifi_station_connect
                0x40204fd4                wifi_station_disconnect
                0x40205094                wifi_station_get_connect_status
                0x402050c4                wifi_station_set_reconnect_policy
                0x402050dc                wifi_station_get_reconnect_policy
                0x402050e4                wifi_station_get_rssi
                0x40205134                wifi_station_set_default_hostname
                0x4020519c                wifi_station_get_hostname
                0x402051cc                wifi_station_set_hostname
                0x4020526c                wifi_softap_cacl_mac
                0x402052dc                wifi_softap_set_default_ssid
                0x402054bc                wifi_softap_get_config
                0x402054d0                wifi_softap_get_config_default
                0x40205828                wifi_softap_set_config
                0x4020583c                wifi_softap_set_config_current
                0x40205850                wifi_softap_set_station_info
                0x402058bc                wifi_softap_get_station_info
                0x4020596c                wifi_softap_free_station_info
                0x402059b4                wifi_softap_get_station_num
                0x40205a08                wifi_softap_deauth
                0x40205ab8                wifi_softap_get_beacon_only_mode
                0x40205acc                wifi_softap_set_beacon_only_mode
                0x40205b30                wifi_register_user_ie_manufacturer_recv_cb
                0x40205b44                wifi_unregister_user_ie_manufacturer_recv_cb
                0x40205b78                wifi_set_user_ie
                0x40205c88                wifi_get_user_ie
                0x40205cbc                wifi_get_phy_mode
                0x40205cc4                wifi_set_phy_mode
                0x40205d8c                wifi_set_sleep_type
                0x40205da8                wifi_get_sleep_type
                0x40205dc0                wifi_get_channel
                0x40205dd8                wifi_set_channel
                0x40205e1c                wifi_promiscuous_set_mac
                0x40205e80                wifi_promiscuous_enable
                0x40205f64                wifi_set_promiscuous_rx_cb
                0x40205f74                wifi_get_ip_info
                0x40205ff4                wifi_set_ip_info
                0x4020606c                wifi_get_macaddr
                0x402060cc                wifi_set_macaddr
                0x402061e8                wifi_enable_6m_rate
                0x402061f0                wifi_get_user_fixed_rate
                0x40206210                wifi_set_user_fixed_rate
                0x40206230                wifi_set_user_sup_rate
                0x4020626c                wifi_set_user_rate_limit
                0x40206290                wifi_get_user_limit_rate_mask
                0x40206298                wifi_set_user_limit_rate_mask
                0x402062b0                wifi_register_send_pkt_freedom_cb
                0x402062c4                wifi_unregister_send_pkt_freedom_cb
                0x402062d0                wifi_send_pkt_freedom
                0x4020631c                wifi_rfid_locp_recv_open
                0x40206330                wifi_rfid_locp_recv_close
                0x40206344                wifi_register_rfid_locp_recv_cb
                0x40206358                wifi_unregister_rfid_locp_recv_cb
                0x40206370                wifi_status_led_install
                0x402063a4                wifi_status_led_uninstall
                0x402063c8                wifi_set_status_led_output_level
                0x4020641c                wifi_set_event_handler_cb
                0x40206464                system_os_task
                0x402064a0                system_uart_swap
                0x40206500                system_uart_de_swap
                0x40206538                system_get_sdk_version
 *fill*         0x4020653d        0x3 
 .irom0.text    0x40206540      0x985 C:\users\ikutsin\.platformio\packages\framework-arduinoespressif8266\tools\sdk\lib\libmain.a(app_main.o)
                                0xc31 (size before relaxing)
                0x402066e8                wdt_init
                0x4020678c                user_uart_wait_tx_fifo_empty
 *fill*         0x40206ec5        0x3 
 .irom0.text    0x40206ec8      0x2f6 C:\users\ikutsin\.platformio\packages\framework-arduinoespressif8266\tools\sdk\lib\libmain.a(eagle_lwip_if.o)
                                0x3b2 (size before relaxing)
                0x40206f80                eagle_lwip_if_alloc
                0x40207130                eagle_lwip_if_free
                0x4020719c                eagle_lwip_getif
 *fill*         0x402071be        0x2 
 .irom0.text    0x402071c0      0x2b6 C:\users\ikutsin\.platformio\packages\framework-arduinoespressif8266\tools\sdk\lib\libwpa.a(common.o)
                                0x302 (size before relaxing)
                0x402071c0                inc_byte_array
                0x40207214                hex2byte
                0x40207248                hexstr2bin
                0x40207294                wpa_get_ntp_timestamp
                0x4020732c                wpa_config_parse_string
                0x40207430                dup_binstr
 *fill*         0x40207476        0x2 
 .irom0.text    0x40207478       0xcc C:\users\ikutsin\.platformio\packages\framework-arduinoespressif8266\tools\sdk\lib\libwpa.a(os_xtensa.o)
                                 0xdc (size before relaxing)
                0x4020747c                ets_strdup
                0x402074c0                os_get_time
                0x402074c4                r_rand
                0x402074d8                os_random
                0x402074e8                os_get_random
 .irom0.text    0x40207544      0xd3c C:\users\ikutsin\.platformio\packages\framework-arduinoespressif8266\tools\sdk\lib\liblwip_gcc.a(dhcpserver.o)
                                0xee8 (size before relaxing)
                0x40207744                node_insert_to_list
                0x40207780                node_remove_from_list
                0x402077b8                dhcps_start
                0x40207940                dhcps_stop
                0x402079ac                wifi_softap_set_dhcps_lease
                0x40207a98                wifi_softap_get_dhcps_lease
                0x40207ae0                dhcps_coarse_tmr
                0x40207ba0                wifi_softap_set_dhcps_offer_option
                0x40207be0                wifi_softap_set_dhcps_lease_time
                0x40207c10                wifi_softap_reset_dhcps_lease_time
                0x40207c3c                wifi_softap_get_dhcps_lease_time
                0x40207c44                wifi_softap_dhcps_client_leave
                0x40207d00                wifi_softap_dhcps_client_update
 .irom0.text    0x40208280     0x1078 C:\users\ikutsin\.platformio\packages\framework-arduinoespressif8266\tools\sdk\lib\liblwip_gcc.a(espconn_tcp.o)
                               0x13b0 (size before relaxing)
                0x40208934                espconn_kill_oldest_pcb
                0x40208a60                espconn_kill_pcb
                0x40208ac8                espconn_find_current_pcb
                0x40208b7c                espconn_tcp_memp_free
                0x40208dbc                espconn_tcp_sent
                0x40208ea0                espconn_tcp_disconnect
                0x40208ed0                espconn_recv_hold
                0x40208f14                espconn_recv_unhold
                0x40208f78                espconn_tcp_write
                0x402090a0                espconn_tcp_client
                0x40209194                espconn_tcp_server
                0x40209248                espconn_tcp_delete
                0x402092dc                espconn_init
 .irom0.text    0x402092f8     0x13fc C:\users\ikutsin\.platformio\packages\framework-arduinoespressif8266\tools\sdk\lib\liblwip_gcc.a(dhcp.o)
                               0x15d8 (size before relaxing)
                0x4020a0b8                dhcp_set_struct
                0x4020a0e4                dhcp_cleanup
                0x4020a10c                dhcp_inform
                0x4020a1bc                dhcp_network_changed
                0x4020a208                dhcp_arp_reply
                0x4020a2b8                dhcp_renew
                0x4020a39c                dhcp_coarse_tmr
                0x4020a428                dhcp_release
                0x4020a4f8                dhcp_fine_tmr
                0x4020a5f4                dhcp_stop
                0x4020a630                dhcp_start
 .irom0.text    0x4020a6f4      0x5cf C:\users\ikutsin\.platformio\packages\framework-arduinoespressif8266\tools\sdk\lib\liblwip_gcc.a(dns.o)
                                0x67f (size before relaxing)
                0x4020ab04                dns_setserver
                0x4020ab2c                dns_init
                0x4020ab70                dns_getserver
                0x4020ab88                dns_tmr
                0x4020abb8                dns_gethostbyname
 *fill*         0x4020acc3        0x1 
 .irom0.text    0x4020acc4       0x49 C:\users\ikutsin\.platformio\packages\framework-arduinoespressif8266\tools\sdk\lib\liblwip_gcc.a(init.o)
                                 0x71 (size before relaxing)
                0x4020accc                lwip_init
 *fill*         0x4020ad0d        0x3 
 .irom0.text    0x4020ad10      0x290 C:\users\ikutsin\.platformio\packages\framework-arduinoespressif8266\tools\sdk\lib\liblwip_gcc.a(netif.o)
                                0x2dc (size before relaxing)
                0x4020ad10                netif_init
                0x4020ad14                netif_find
                0x4020ad4c                netif_set_ipaddr
                0x4020adb8                netif_set_addr
                0x4020adec                netif_add
                0x4020ae60                netif_set_gw
                0x4020ae68                netif_set_netmask
                0x4020ae70                netif_set_default
                0x4020ae78                netif_set_up
                0x4020aeb8                netif_set_down
                0x4020aedc                netif_remove
                0x4020af44                netif_set_link_up
                0x4020af90                netif_set_link_down
 .irom0.text    0x4020afa0      0x750 C:\users\ikutsin\.platformio\packages\framework-arduinoespressif8266\tools\sdk\lib\liblwip_gcc.a(pbuf.o)
                                0x794 (size before relaxing)
                0x4020afa0                pbuf_free_ooseq_new
                0x4020affc                pbuf_header
                0x4020b08c                pbuf_free
                0x4020b124                pbuf_alloc
                0x4020b2a4                pbuf_realloc
                0x4020b2f0                pbuf_clen
                0x4020b304                pbuf_ref
                0x4020b310                pbuf_cat
                0x4020b344                pbuf_chain
                0x4020b360                pbuf_dechain
                0x4020b398                pbuf_copy
                0x4020b45c                pbuf_copy_partial
                0x4020b4f0                pbuf_take
                0x4020b564                pbuf_coalesce
                0x4020b5a4                pbuf_get_at
                0x4020b5c8                pbuf_memcmp
                0x4020b644                pbuf_memfind
                0x4020b6a8                pbuf_strstr
 .irom0.text    0x4020b6f0      0xbbb C:\users\ikutsin\.platformio\packages\framework-arduinoespressif8266\tools\sdk\lib\liblwip_gcc.a(tcp.o)
                                0xd07 (size before relaxing)
                0x4020b6f8                tcp_bind
                0x4020b7a8                tcp_listen_with_backlog
                0x4020b890                tcp_update_rcv_ann_wnd
                0x4020b8dc                tcp_recved
                0x4020b934                tcp_seg_free
                0x4020b960                tcp_segs_free
                0x4020b980                tcp_setprio
                0x4020b988                tcp_seg_copy
                0x4020b9c4                tcp_arg
                0x4020b9c8                tcp_recv
                0x4020b9d0                tcp_sent
                0x4020b9d8                tcp_err
                0x4020b9e0                tcp_accept
                0x4020b9e4                tcp_poll
                0x4020b9ec                tcp_pcb_purge
                0x4020ba48                tcp_slowtmr
                0x4020bcf4                tcp_pcb_remove
                0x4020bd64                tcp_close
                0x4020bd8c                tcp_recv_null
                0x4020bdc4                tcp_fasttmr
                0x4020be58                tcp_tmr
                0x4020be7c                tcp_shutdown
                0x4020bee4                tcp_abandon
                0x4020bf84                tcp_abort
                0x4020bf9c                tcp_next_iss
                0x4020bfbc                tcp_alloc
                0x4020c108                tcp_new
                0x4020c11c                tcp_eff_send_mss
                0x4020c150                tcp_connect
 *fill*         0x4020c2ab        0x1 
 .irom0.text    0x4020c2ac      0xf4b C:\users\ikutsin\.platformio\packages\framework-arduinoespressif8266\tools\sdk\lib\liblwip_gcc.a(tcp_out.o)
                               0x1057 (size before relaxing)
                0x4020c4a8                tcp_write
                0x4020c7c0                tcp_enqueue_flags
                0x4020c880                tcp_send_fin
                0x4020c8cc                tcp_send_empty_ack
                0x4020c968                tcp_output
                0x4020cd8c                tcp_rst
                0x4020ced0                tcp_rexmit_rto
                0x4020cf54                tcp_rexmit
                0x4020d000                tcp_rexmit_fast
                0x4020d064                tcp_keepalive
                0x4020d0e8                tcp_zero_window_probe
 *fill*         0x4020d1f7        0x1 
 .irom0.text    0x4020d1f8      0x29b C:\users\ikutsin\.platformio\packages\framework-arduinoespressif8266\tools\sdk\lib\liblwip_gcc.a(timers.o)
                                0x30f (size before relaxing)
                0x4020d200                sys_timeout
                0x4020d290                tcp_timer_needed
                0x4020d314                sys_timeouts_init
                0x4020d3a0                sys_untimeout
                0x4020d3fc                sys_check_timeouts
                0x4020d484                sys_restart_timeouts
 *fill*         0x4020d493        0x1 
 .irom0.text    0x4020d494      0x53d C:\users\ikutsin\.platformio\packages\framework-arduinoespressif8266\tools\sdk\lib\liblwip_gcc.a(udp.o)
                                0x5b9 (size before relaxing)
                0x4020d4a0                udp_input
                0x4020d690                udp_bind
                0x4020d71c                udp_sendto_if
                0x4020d864                udp_sendto
                0x4020d8b8                udp_send
                0x4020d8d4                udp_connect
                0x4020d93c                udp_disconnect
                0x4020d950                udp_recv
                0x4020d95c                udp_remove
                0x4020d998                udp_new
 *fill*         0x4020d9d1        0x3 
 .irom0.text    0x4020d9d4      0x907 C:\users\ikutsin\.platformio\packages\framework-arduinoespressif8266\tools\sdk\lib\liblwip_gcc.a(etharp.o)
                                0xa07 (size before relaxing)
                0x4020dc24                etharp_tmr
                0x4020dc7c                etharp_cleanup_netif
                0x4020dcb8                etharp_find_addr
                0x4020dd08                etharp_request
                0x4020de50                etharp_query
                0x4020dfec                etharp_output
                0x4020e0e4                ethernet_input
 *fill*         0x4020e2db        0x1 
 .irom0.text    0x4020e2dc      0x220 C:\users\ikutsin\.platformio\packages\framework-arduinoespressif8266\tools\sdk\lib\liblwip_gcc.a(icmp.o)
                                0x2ac (size before relaxing)
                0x4020e2dc                icmp_input
                0x4020e454                icmp_dest_unreach
 .irom0.text    0x4020e4fc      0x5c2 C:\users\ikutsin\.platformio\packages\framework-arduinoespressif8266\tools\sdk\lib\liblwip_gcc.a(igmp.o)
                                0x646 (size before relaxing)
                0x4020e698                igmp_init
                0x4020e6ac                igmp_stop
                0x4020e718                igmp_report_groups
                0x4020e748                igmp_lookfor_group
                0x4020e764                igmp_start
                0x4020e7c0                igmp_input
                0x4020e8e0                igmp_joingroup
                0x4020e9ac                igmp_leavegroup
                0x4020ea84                igmp_tmr
 *fill*         0x4020eabe        0x2 
 .irom0.text    0x4020eac0      0x5be C:\users\ikutsin\.platformio\packages\framework-arduinoespressif8266\tools\sdk\lib\liblwip_gcc.a(ip.o)
                                0x652 (size before relaxing)
                0x4020eac0                ip_route
                0x4020eb3c                ip_router
                0x4020eba0                ip_input
                0x4020ee08                ip_output_if_opt
                0x4020f008                ip_output_if
                0x4020f030                ip_output
 *fill*         0x4020f07e        0x2 
 .irom0.text    0x4020f080      0x380 C:\users\ikutsin\.platformio\packages\framework-arduinoespressif8266\tools\sdk\lib\liblwip_gcc.a(ip_addr.o)
                                0x3a4 (size before relaxing)
                0x4020f080                ip4_addr_isbroadcast
                0x4020f0bc                ip4_addr_netmask_valid
                0x4020f10c                ipaddr_aton
                0x4020f2f4                ipaddr_addr
                0x4020f310                ipaddr_ntoa_r
                0x4020f3ec                ipaddr_ntoa
 .irom0.text    0x4020f400      0xbb9 C:\users\ikutsin\.platformio\packages\framework-arduinoespressif8266\tools\sdk\lib\liblwip_gcc.a(espconn.o)
                                0xcb5 (size before relaxing)
                0x4020f400                espconn_copy_partial
                0x4020f4b4                espconn_list_creat
                0x4020f4d4                espconn_list_delete
                0x4020f4f8                espconn_pbuf_create
                0x4020f514                espconn_pbuf_delete
                0x4020f534                espconn_find_connection
                0x4020f5d4                espconn_connect
                0x4020f6e0                espconn_create
                0x4020f730                espconn_send
                0x4020f730                espconn_sent
                0x4020f820                espconn_sendto
                0x4020f87c                espconn_tcp_get_wnd
                0x4020f89c                espconn_tcp_set_wnd
                0x4020f8c4                espconn_tcp_get_mss
                0x4020f8cc                espconn_tcp_get_max_con
                0x4020f8dc                espconn_tcp_set_max_con
                0x4020f8fc                espconn_tcp_get_max_retran
                0x4020f90c                espconn_tcp_set_max_retran
                0x4020f92c                espconn_tcp_get_max_syn
                0x4020f93c                espconn_tcp_set_max_syn
                0x4020f95c                espconn_tcp_get_max_con_allow
                0x4020f984                espconn_tcp_set_max_con_allow
                0x4020f9b8                espconn_tcp_set_buf_count
                0x4020f9e8                espconn_regist_sentcb
                0x4020f9f8                espconn_regist_write_finish
                0x4020fa10                espconn_regist_connectcb
                0x4020fa24                espconn_regist_recvcb
                0x4020fa34                espconn_regist_reconcb
                0x4020fa48                espconn_regist_disconcb
                0x4020fa60                espconn_get_connection_info
                0x4020fb24                espconn_accept
                0x4020fb70                espconn_regist_time
                0x4020fbd8                espconn_disconnect
                0x4020fc28                espconn_abort
                0x4020fc74                espconn_get_packet_info
                0x4020fd1c                espconn_set_opt
                0x4020fd80                espconn_clear_opt
                0x4020fde8                espconn_set_keepalive
                0x4020fe78                espconn_get_keepalive
                0x4020ff04                espconn_delete
                0x4020ff4c                espconn_port
                0x4020ff84                espconn_gethostbyname
                0x4020ffa4                espconn_dns_setserver
 *fill*         0x4020ffb9        0x3 
 .irom0.text    0x4020ffbc      0x55c C:\users\ikutsin\.platformio\packages\framework-arduinoespressif8266\tools\sdk\lib\liblwip_gcc.a(espconn_udp.o)
                                0x6d4 (size before relaxing)
                0x402100a0                espconn_udp_sendto
                0x4021028c                espconn_udp_sent
                0x40210430                espconn_udp_disconnect
                0x40210470                espconn_udp_server
                0x402104e0                espconn_igmp_leave
                0x402104fc                espconn_igmp_join
 .irom0.text    0x40210518      0x1f3 C:\users\ikutsin\.platformio\packages\framework-arduinoespressif8266\tools\sdk\lib\liblwip_gcc.a(raw.o)
                                0x23f (size before relaxing)
                0x4021051c                raw_input
                0x402105a4                raw_bind
                0x402105b0                raw_connect
                0x402105bc                raw_recv
                0x402105c4                raw_sendto
                0x40210668                raw_send
                0x40210684                raw_remove
                0x402106c0                raw_new
 *fill*         0x4021070b        0x1 
 .irom0.text    0x4021070c     0x1394 C:\users\ikutsin\.platformio\packages\framework-arduinoespressif8266\tools\sdk\lib\liblwip_gcc.a(tcp_in.o)
                               0x156c (size before relaxing)
                0x40211120                tcp_input
 .irom0.text    0x40211aa0      0x47d C:\users\ikutsin\.platformio\packages\framework-arduinoespressif8266\tools\sdk\lib\libnet80211.a(ieee80211.o)
                                0x545 (size before relaxing)
                0x40211b2c                ieee80211_rate_ref_init
                0x40211b40                ieee80211_freedom_inside_cb
                0x40211b70                ieee80211_freedom_init
                0x40211b94                ieee80211_user_ie_init
                0x40211bb0                ieee80211_ifattach
                0x40211c14                ieee80211_mhz2ieee
                0x40211c70                ieee80211_chan2ieee
                0x40211c8c                ieee80211_ieee2mhz
                0x40211ccc                ieee80211_find_channel
                0x40211cf8                ieee80211_find_channel_byieee
                0x40211d48                wifi_mode_set
 *fill*         0x40211f1d        0x3 
 .irom0.text    0x40211f20       0xcf C:\users\ikutsin\.platformio\packages\framework-arduinoespressif8266\tools\sdk\lib\libnet80211.a(ieee80211_crypto.o)
                                 0xd7 (size before relaxing)
                0x40211f20                ieee80211_crypto_attach
                0x40211f24                ieee80211_crypto_available
                0x40211f28                ieee80211_crypto_setkey
                0x40211f2c                ieee80211_crypto_encap
                0x40211f84                ieee80211_crypto_decap
 *fill*         0x40211fef        0x1 
 .irom0.text    0x40211ff0     0x1a20 C:\users\ikutsin\.platformio\packages\framework-arduinoespressif8266\tools\sdk\lib\libnet80211.a(ieee80211_hostap.o)
                               0x1f77 (size before relaxing)
                0x40212620                ieee80211_hostap_attach
                0x4021271c                hostap_handle_timer
                0x402127b4                hostap_input
                0x4021370c                wifi_softap_start